Component: ARM Compiler 5.05 update 1 (build 106) Tool: armlink [4d0efa]

==============================================================================

Section Cross References

    code.o(i.GPIO_Configuration) refers to stm32f10x_gpio.o(i.GPIO_Init) for GPIO_Init
    code.o(i.GPIO_Configuration) refers to stm32f10x_gpio.o(i.GPIO_SetBits) for GPIO_SetBits
    code.o(i.GPIO_Configuration) refers to stm32f10x_gpio.o(i.GPIO_ResetBits) for GPIO_ResetBits
    code.o(i.RCC_Configuration) refers to system_stm32f10x.o(i.SystemInit) for SystemInit
    code.o(i.RCC_Configuration) refers to stm32f10x_rcc.o(i.RCC_APB2PeriphClockCmd) for RCC_APB2PeriphClockCmd
    code.o(i.USART2_IRQHandler) refers to stm32f10x_usart.o(i.USART_GetITStatus) for USART_GetITStatus
    code.o(i.USART2_IRQHandler) refers to stm32f10x_usart.o(i.USART_ReceiveData) for USART_ReceiveData
    code.o(i.USART2_IRQHandler) refers to code.o(.data) for point_1
    code.o(i.USART2_IRQHandler) refers to gps.o(.bss) for USART_RX_BUF
    code.o(i.char2ascii) refers to printfa.o(i.__0sprintf) for __2sprintf
    code.o(i.char2ascii) refers to strlen.o(.text) for strlen
    code.o(i.main) refers to code.o(i.RCC_Configuration) for RCC_Configuration
    code.o(i.main) refers to nb.o(i.USART2_Configuration) for USART2_Configuration
    code.o(i.main) refers to code.o(i.GPIO_Configuration) for GPIO_Configuration
    code.o(i.main) refers to sds011.o(i.sds011_USART_Init) for sds011_USART_Init
    code.o(i.main) refers to delay.o(i.delay_init) for delay_init
    code.o(i.main) refers to gps.o(i.gps_init) for gps_init
    code.o(i.main) refers to bh1750.o(i.GPIOConfig) for GPIOConfig
    code.o(i.main) refers to bh1750.o(i.Init_BH1750) for Init_BH1750
    code.o(i.main) refers to delay.o(i.delay_ms) for delay_ms
    code.o(i.main) refers to printfa.o(i.__0printf) for __2printf
    code.o(i.main) refers to stm32f10x_gpio.o(i.GPIO_SetBits) for GPIO_SetBits
    code.o(i.main) refers to stm32f10x_gpio.o(i.GPIO_ResetBits) for GPIO_ResetBits
    code.o(i.main) refers to dht11.o(i.DHT11_Read_Data) for DHT11_Read_Data
    code.o(i.main) refers to bh1750.o(i.Get_gy30) for Get_gy30
    code.o(i.main) refers to stm32f10x_gpio.o(i.GPIO_ReadInputDataBit) for GPIO_ReadInputDataBit
    code.o(i.main) refers to gps.o(i.parseGpsBuffer) for parseGpsBuffer
    code.o(i.main) refers to dfltui.o(.text) for __aeabi_ui2d
    code.o(i.main) refers to ddiv.o(.text) for __aeabi_ddiv
    code.o(i.main) refers to f2d.o(.text) for __aeabi_f2d
    code.o(i.main) refers to printfa.o(i.__0sprintf) for __2sprintf
    code.o(i.main) refers to strlen.o(.text) for strlen
    code.o(i.main) refers to code.o(i.char2ascii) for char2ascii
    code.o(i.main) refers to code.o(.data) for flag_n
    code.o(i.main) refers to sds011.o(.data) for pm10
    code.o(i.main) refers to gps.o(.bss) for Save_Data
    code.o(i.main) refers to code.o(.bss) for transfer_stringWifi
    delay.o(i.delay_init) refers to code.o(i.SysTick_CLKSourceConfig) for SysTick_CLKSourceConfig
    delay.o(i.delay_init) refers to system_stm32f10x.o(.data) for SystemCoreClock
    delay.o(i.delay_init) refers to delay.o(.data) for fac_us
    delay.o(i.delay_ms) refers to delay.o(.data) for fac_ms
    delay.o(i.delay_us) refers to delay.o(.data) for fac_us
    dht11.o(i.DHT11_Check) refers to delay.o(i.delay_us) for delay_us
    dht11.o(i.DHT11_Check) refers to stm32f10x_gpio.o(i.GPIO_ResetBits) for GPIO_ResetBits
    dht11.o(i.DHT11_Init) refers to dht11.o(i.DHT11_Rst) for DHT11_Rst
    dht11.o(i.DHT11_Init) refers to dht11.o(i.DHT11_Check) for DHT11_Check
    dht11.o(i.DHT11_Read_Bit) refers to delay.o(i.delay_us) for delay_us
    dht11.o(i.DHT11_Read_Byte) refers to dht11.o(i.DHT11_Read_Bit) for DHT11_Read_Bit
    dht11.o(i.DHT11_Read_Data) refers to dht11.o(i.DHT11_Rst) for DHT11_Rst
    dht11.o(i.DHT11_Read_Data) refers to dht11.o(i.DHT11_Check) for DHT11_Check
    dht11.o(i.DHT11_Read_Data) refers to dht11.o(i.DHT11_Read_Byte) for DHT11_Read_Byte
    dht11.o(i.DHT11_Rst) refers to delay.o(i.delay_ms) for delay_ms
    dht11.o(i.DHT11_Rst) refers to delay.o(i.delay_us) for delay_us
    bh1750.o(i.BH1750_RecvACK) refers to stm32f10x_gpio.o(i.GPIO_Init) for GPIO_Init
    bh1750.o(i.BH1750_RecvACK) refers to stm32f10x_gpio.o(i.GPIO_SetBits) for GPIO_SetBits
    bh1750.o(i.BH1750_RecvACK) refers to bh1750.o(i.Delay_5us) for Delay_5us
    bh1750.o(i.BH1750_RecvACK) refers to stm32f10x_gpio.o(i.GPIO_ReadInputDataBit) for GPIO_ReadInputDataBit
    bh1750.o(i.BH1750_RecvACK) refers to stm32f10x_gpio.o(i.GPIO_ResetBits) for GPIO_ResetBits
    bh1750.o(i.BH1750_RecvACK) refers to bh1750.o(.data) for mcy
    bh1750.o(i.BH1750_RecvByte) refers to stm32f10x_gpio.o(i.GPIO_Init) for GPIO_Init
    bh1750.o(i.BH1750_RecvByte) refers to stm32f10x_gpio.o(i.GPIO_SetBits) for GPIO_SetBits
    bh1750.o(i.BH1750_RecvByte) refers to bh1750.o(i.Delay_5us) for Delay_5us
[...]
    printf4.o(i.__0snprintf$4) refers to printf4.o(i._printf_core) for _printf_core
    printf4.o(i.__0snprintf$4) refers to printf4.o(i._snputc) for _snputc
    printf4.o(i.__0sprintf$4) refers to printf4.o(i._printf_core) for _printf_core
    printf4.o(i.__0sprintf$4) refers to printf4.o(i._sputc) for _sputc
    printf4.o(i.__0vfprintf$4) refers to printf4.o(i._printf_core) for _printf_core
    printf4.o(i.__0vfprintf$4) refers to nb.o(i.fputc) for fputc
    printf4.o(i.__0vprintf$4) refers to printf4.o(i._printf_core) for _printf_core
    printf4.o(i.__0vprintf$4) refers to nb.o(i.fputc) for fputc
    printf4.o(i.__0vprintf$4) refers to stdout.o(.data) for __stdout
    printf4.o(i.__0vsnprintf$4) refers to printf4.o(i._printf_core) for _printf_core
    printf4.o(i.__0vsnprintf$4) refers to printf4.o(i._snputc) for _snputc
    printf4.o(i.__0vsprintf$4) refers to printf4.o(i._printf_core) for _printf_core
    printf4.o(i.__0vsprintf$4) refers to printf4.o(i._sputc) for _sputc
    printf4.o(i._printf_core) refers to uldiv.o(.text) for __aeabi_uldivmod
    printf5.o(i.__0fprintf$5) refers to printf5.o(i._printf_core) for _printf_core
    printf5.o(i.__0fprintf$5) refers to nb.o(i.fputc) for fputc
    printf5.o(i.__0printf$5) refers to printf5.o(i._printf_core) for _printf_core
    printf5.o(i.__0printf$5) refers to nb.o(i.fputc) for fputc
    printf5.o(i.__0printf$5) refers to stdout.o(.data) for __stdout
    printf5.o(i.__0snprintf$5) refers to printf5.o(i._printf_core) for _printf_core
    printf5.o(i.__0snprintf$5) refers to printf5.o(i._snputc) for _snputc
    printf5.o(i.__0sprintf$5) refers to printf5.o(i._printf_core) for _printf_core
    printf5.o(i.__0sprintf$5) refers to printf5.o(i._sputc) for _sputc
    printf5.o(i.__0vfprintf$5) refers to printf5.o(i._printf_core) for _printf_core
    printf5.o(i.__0vfprintf$5) refers to nb.o(i.fputc) for fputc
    printf5.o(i.__0vprintf$5) refers to printf5.o(i._printf_core) for _printf_core
    printf5.o(i.__0vprintf$5) refers to nb.o(i.fputc) for fputc
    printf5.o(i.__0vprintf$5) refers to stdout.o(.data) for __stdout
    printf5.o(i.__0vsnprintf$5) refers to printf5.o(i._printf_core) for _printf_core
    printf5.o(i.__0vsnprintf$5) refers to printf5.o(i._snputc) for _snputc
    printf5.o(i.__0vsprintf$5) refers to printf5.o(i._printf_core) for _printf_core
    printf5.o(i.__0vsprintf$5) refers to printf5.o(i._sputc) for _sputc
    printf5.o(i._printf_core) refers to uldiv.o(.text) for __aeabi_uldivmod
    printf6.o(i.__0fprintf$6) refers to printf6.o(i._printf_core) for _printf_core
    printf6.o(i.__0fprintf$6) refers to nb.o(i.fputc) for fputc
    printf6.o(i.__0printf$6) refers to printf6.o(i._printf_core) for _printf_core
    printf6.o(i.__0printf$6) refers to nb.o(i.fputc) for fputc
    printf6.o(i.__0printf$6) refers to stdout.o(.data) for __stdout
    printf6.o(i.__0snprintf$6) refers to printf6.o(i._printf_core) for _printf_core
    printf6.o(i.__0snprintf$6) refers to printf6.o(i._snputc) for _snputc
    printf6.o(i.__0sprintf$6) refers to printf6.o(i._printf_core) for _printf_core
    printf6.o(i.__0sprintf$6) refers to printf6.o(i._sputc) for _sputc
    printf6.o(i.__0vfprintf$6) refers to printf6.o(i._printf_core) for _printf_core
    printf6.o(i.__0vfprintf$6) refers to nb.o(i.fputc) for fputc
    printf6.o(i.__0vprintf$6) refers to printf6.o(i._printf_core) for _printf_core
    printf6.o(i.__0vprintf$6) refers to nb.o(i.fputc) for fputc
    printf6.o(i.__0vprintf$6) refers to stdout.o(.data) for __stdout
    printf6.o(i.__0vsnprintf$6) refers to printf6.o(i._printf_core) for _printf_core
    printf6.o(i.__0vsnprintf$6) refers to printf6.o(i._snputc) for _snputc
    printf6.o(i.__0vsprintf$6) refers to printf6.o(i._printf_core) for _printf_core
    printf6.o(i.__0vsprintf$6) refers to printf6.o(i._sputc) for _sputc
    printf6.o(i._printf_core) refers to printf6.o(i._printf_pre_padding) for _printf_pre_padding
    printf6.o(i._printf_core) refers to uidiv.o(.text) for __aeabi_uidivmod
    printf6.o(i._printf_core) refers to printf6.o(i._printf_post_padding) for _printf_post_padding
    printf7.o(i.__0fprintf$7) refers to printf7.o(i._printf_core) for _printf_core
    printf7.o(i.__0fprintf$7) refers to nb.o(i.fputc) for fputc
    printf7.o(i.__0printf$7) refers to printf7.o(i._printf_core) for _printf_core
    printf7.o(i.__0printf$7) refers to nb.o(i.fputc) for fputc
    printf7.o(i.__0printf$7) refers to stdout.o(.data) for __stdout
    printf7.o(i.__0snprintf$7) refers to printf7.o(i._printf_core) for _printf_core
    printf7.o(i.__0snprintf$7) refers to printf7.o(i._snputc) for _snputc
    printf7.o(i.__0sprintf$7) refers to printf7.o(i._printf_core) for _printf_core
    printf7.o(i.__0sprintf$7) refers to printf7.o(i._sputc) for _sputc
    printf7.o(i.__0vfprintf$7) refers to printf7.o(i._printf_core) for _printf_core
    printf7.o(i.__0vfprintf$7) refers to nb.o(i.fputc) for fputc
    printf7.o(i.__0vprintf$7) refers to printf7.o(i._printf_core) for _printf_core
    printf7.o(i.__0vprintf$7) refers to nb.o(i.fputc) for fputc
    printf7.o(i.__0vprintf$7) refers to stdout.o(.data) for __stdout
    printf7.o(i.__0vsnprintf$7) refers to printf7.o(i._printf_core) for _printf_core
    printf7.o(i.__0vsnprintf$7) refers to printf7.o(i._snputc) for _snputc
    printf7.o(i.__0vsprintf$7) refers to printf7.o(i._printf_core) for _printf_core
    printf7.o(i.__0vsprintf$7) refers to printf7.o(i._sputc) for _sputc
    printf7.o(i._printf_core) refers to printf7.o(i._printf_pre_padding) for _printf_pre_padding
    printf7.o(i._printf_core) refers to uldiv.o(.text) for __aeabi_uldivmod
    printf7.o(i._printf_core) refers to printf7.o(i._printf_post_padding) for _printf_post_padding
    printf8.o(i.__0fprintf$8) refers to printf8.o(i._printf_core) for _printf_core
    printf8.o(i.__0fprintf$8) refers to nb.o(i.fputc) for fputc
    printf8.o(i.__0printf$8) refers to printf8.o(i._printf_core) for _printf_core
    printf8.o(i.__0printf$8) refers to nb.o(i.fputc) for fputc
    printf8.o(i.__0printf$8) refers to stdout.o(.data) for __stdout
    printf8.o(i.__0snprintf$8) refers to printf8.o(i._printf_core) for _printf_core
    printf8.o(i.__0snprintf$8) refers to printf8.o(i._snputc) for _snputc
    printf8.o(i.__0sprintf$8) refers to printf8.o(i._printf_core) for _printf_core
    printf8.o(i.__0sprintf$8) refers to printf8.o(i._sputc) for _sputc
    printf8.o(i.__0vfprintf$8) refers to printf8.o(i._printf_core) for _printf_core
    printf8.o(i.__0vfprintf$8) refers to nb.o(i.fputc) for fputc
    printf8.o(i.__0vprintf$8) refers to printf8.o(i._printf_core) for _printf_core
    printf8.o(i.__0vprintf$8) refers to nb.o(i.fputc) for fputc
    printf8.o(i.__0vprintf$8) refers to stdout.o(.data) for __stdout
    printf8.o(i.__0vsnprintf$8) refers to printf8.o(i._printf_core) for _printf_core
    printf8.o(i.__0vsnprintf$8) refers to printf8.o(i._snputc) for _snputc
    printf8.o(i.__0vsprintf$8) refers to printf8.o(i._printf_core) for _printf_core
    printf8.o(i.__0vsprintf$8) refers to printf8.o(i._sputc) for _sputc
    printf8.o(i._printf_core) refers to printf8.o(i._printf_pre_padding) for _printf_pre_padding
    printf8.o(i._printf_core) refers to uldiv.o(.text) for __aeabi_uldivmod
    printf8.o(i._printf_core) refers to printf8.o(i._printf_post_padding) for _printf_post_padding
    printfa.o(i.__0fprintf) refers (Special) to iusefp.o(.text) for __I$use$fp
    printfa.o(i.__0fprintf) refers to printfa.o(i._printf_core) for _printf_core
    printfa.o(i.__0fprintf) refers to nb.o(i.fputc) for fputc
    printfa.o(i.__0printf) refers (Special) to iusefp.o(.text) for __I$use$fp
    printfa.o(i.__0printf) refers to printfa.o(i._printf_core) for _printf_core
    printfa.o(i.__0printf) refers to nb.o(i.fputc) for fputc
    printfa.o(i.__0printf) refers to stdout.o(.data) for __stdout
    printfa.o(i.__0snprintf) refers (Special) to iusefp.o(.text) for __I$use$fp
    printfa.o(i.__0snprintf) refers to printfa.o(i._printf_core) for _printf_core
    printfa.o(i.__0snprintf) refers to printfa.o(i._snputc) for _snputc
    printfa.o(i.__0sprintf) refers (Special) to iusefp.o(.text) for __I$use$fp
    printfa.o(i.__0sprintf) refers to printfa.o(i._printf_core) for _printf_core
    printfa.o(i.__0sprintf) refers to printfa.o(i._sputc) for _sputc
    printfa.o(i.__0vfprintf) refers (Special) to iusefp.o(.text) for __I$use$fp
    printfa.o(i.__0vfprintf) refers to printfa.o(i._printf_core) for _printf_core
    printfa.o(i.__0vfprintf) refers to nb.o(i.fputc) for fputc
    printfa.o(i.__0vprintf) refers (Special) to iusefp.o(.text) for __I$use$fp
    printfa.o(i.__0vprintf) refers to printfa.o(i._printf_core) for _printf_core
    printfa.o(i.__0vprintf) refers to nb.o(i.fputc) for fputc
    printfa.o(i.__0vprintf) refers to stdout.o(.data) for __stdout
    printfa.o(i.__0vsnprintf) refers (Special) to iusefp.o(.text) for __I$use$fp
    printfa.o(i.__0vsnprintf) refers to printfa.o(i._printf_core) for _printf_core
    printfa.o(i.__0vsnprintf) refers to printfa.o(i._snputc) for _snputc
    printfa.o(i.__0vsprintf) refers (Special) to iusefp.o(.text) for __I$use$fp
    printfa.o(i.__0vsprintf) refers to printfa.o(i._printf_core) for _printf_core
    printfa.o(i.__0vsprintf) refers to printfa.o(i._sputc) for _sputc
    printfa.o(i._fp_digits) refers (Special) to iusefp.o(.text) for __I$use$fp
    printfa.o(i._fp_digits) refers to dmul.o(.text) for __aeabi_dmul
    printfa.o(i._fp_digits) refers to ddiv.o(.text) for __aeabi_ddiv
    printfa.o(i._fp_digits) refers to cdrcmple.o(.text) for __aeabi_cdrcmple
    printfa.o(i._fp_digits) refers to dadd.o(.text) for __aeabi_dadd
    printfa.o(i._fp_digits) refers to dfixul.o(.text) for __aeabi_d2ulz
    printfa.o(i._fp_digits) refers to uldiv.o(.text) for __aeabi_uldivmod
    printfa.o(i._printf_core) refers (Special) to iusefp.o(.text) for __I$use$fp
    printfa.o(i._printf_core) refers to printfa.o(i._printf_pre_padding) for _printf_pre_padding
    printfa.o(i._printf_core) refers to uldiv.o(.text) for __aeabi_uldivmod
    printfa.o(i._printf_core) refers to printfa.o(i._printf_post_padding) for _printf_post_padding
    printfa.o(i._printf_core) refers to printfa.o(i._fp_digits) for _fp_digits
    printfa.o(i._printf_core) refers to uidiv.o(.text) for __aeabi_uidivmod
    printfa.o(i._printf_post_padding) refers (Special) to iusefp.o(.text) for __I$use$fp
    printfa.o(i._printf_pre_padding) refers (Special) to iusefp.o(.text) for __I$use$fp
    printfa.o(i._snputc) refers (Special) to iusefp.o(.text) for __I$use$fp
    printfa.o(i._sputc) refers (Special) to iusefp.o(.text) for __I$use$fp
    ddiv.o(.text) refers (Special) to iusefp.o(.text) for __I$use$fp
    ddiv.o(.text) refers to depilogue.o(.text) for _double_round
    dflti.o(.text) refers (Special) to iusefp.o(.text) for __I$use$fp
    dflti.o(.text) refers to depilogue.o(.text) for _double_epilogue
    dfltui.o(.text) refers (Special) to iusefp.o(.text) for __I$use$fp
    dfltui.o(.text) refers to depilogue.o(.text) for _double_epilogue
    f2d.o(.text) refers (Special) to iusefp.o(.text) for __I$use$fp
    d2f.o(.text) refers (Special) to iusefp.o(.text) for __I$use$fp
    d2f.o(.text) refers to fepilogue.o(.text) for _float_round
    entry2.o(.ARM.Collect$$$$00000001) refers to entry2.o(.ARM.Collect$$$$00002712) for __lit__00000000
    entry2.o(.ARM.Collect$$$$00002712) refers to startup_stm32f10x_md.o(STACK) for __initial_sp
    entry2.o(__vectab_stack_and_reset_area) refers to startup_stm32f10x_md.o(STACK) for __initial_sp
    entry2.o(__vectab_stack_and_reset_area) refers to entry.o(.ARM.Collect$$$$00000000) for __main
    entry5.o(.ARM.Collect$$$$00000004) refers to init.o(.text) for __scatterload
    entry9a.o(.ARM.Collect$$$$0000000B) refers to code.o(i.main) for main
    entry9b.o(.ARM.Collect$$$$0000000C) refers to code.o(i.main) for main
    uldiv.o(.text) refers to llushr.o(.text) for __aeabi_llsr
    uldiv.o(.text) refers to llshl.o(.text) for __aeabi_llsl
    depilogue.o(.text) refers to llshl.o(.text) for __aeabi_llsl
    depilogue.o(.text) refers to llushr.o(.text) for __aeabi_llsr
    dadd.o(.text) refers to llshl.o(.text) for __aeabi_llsl
    dadd.o(.text) refers to llsshr.o(.text) for __aeabi_lasr
    dadd.o(.text) refers to depilogue.o(.text) for _double_epilogue
    dmul.o(.text) refers to depilogue.o(.text) for _double_epilogue
    dfixul.o(.text) refers to llushr.o(.text) for __aeabi_llsr
    dfixul.o(.text) refers to llshl.o(.text) for __aeabi_llsl
    init.o(.text) refers to entry5.o(.ARM.Collect$$$$00000004) for __main_after_scatterload


==============================================================================

Removing Unused input sections from the image.

    Removing code.o(i.NVIC_SetVectorTable), (20 bytes).
    Removing code.o(i.NVIC_SystemLPConfig), (32 bytes).
    Removing core_cm3.o(.emb_text), (32 bytes).
    Removing dht11.o(i.DHT11_Init), (72 bytes).
    Removing gps.o(i.Hand), (28 bytes).
    Removing stm32f10x_adc.o(i.ADC_AnalogWatchdogCmd), (20 bytes).
    Removing stm32f10x_adc.o(i.ADC_AnalogWatchdogSingleChannelConfig), (16 bytes).
    Removing stm32f10x_adc.o(i.ADC_AnalogWatchdogThresholdsConfig), (6 bytes).
    Removing stm32f10x_adc.o(i.ADC_AutoInjectedConvCmd), (22 bytes).
    Removing stm32f10x_adc.o(i.ADC_ClearFlag), (6 bytes).
    Removing stm32f10x_adc.o(i.ADC_ClearITPendingBit), (10 bytes).
    Removing stm32f10x_adc.o(i.ADC_Cmd), (22 bytes).
    Removing stm32f10x_adc.o(i.ADC_DMACmd), (22 bytes).
    Removing stm32f10x_adc.o(i.ADC_DeInit), (92 bytes).
    Removing stm32f10x_adc.o(i.ADC_DiscModeChannelCountConfig), (24 bytes).
    Removing stm32f10x_adc.o(i.ADC_DiscModeCmd), (22 bytes).
    Removing stm32f10x_adc.o(i.ADC_ExternalTrigConvCmd), (22 bytes).
    Removing stm32f10x_adc.o(i.ADC_ExternalTrigInjectedConvCmd), (22 bytes).
    Removing stm32f10x_adc.o(i.ADC_ExternalTrigInjectedConvConfig), (16 bytes).
    Removing stm32f10x_adc.o(i.ADC_GetCalibrationStatus), (20 bytes).
    Removing stm32f10x_adc.o(i.ADC_GetConversionValue), (8 bytes).
    Removing stm32f10x_adc.o(i.ADC_GetDualModeConversionValue), (12 bytes).
    Removing stm32f10x_adc.o(i.ADC_GetFlagStatus), (18 bytes).
    Removing stm32f10x_adc.o(i.ADC_GetITStatus), (36 bytes).
    Removing stm32f10x_adc.o(i.ADC_GetInjectedConversionValue), (28 bytes).
    Removing stm32f10x_adc.o(i.ADC_GetResetCalibrationStatus), (20 bytes).
    Removing stm32f10x_adc.o(i.ADC_GetSoftwareStartConvStatus), (20 bytes).
    Removing stm32f10x_adc.o(i.ADC_GetSoftwareStartInjectedConvCmdStatus), (20 bytes).
    Removing stm32f10x_adc.o(i.ADC_ITConfig), (24 bytes).
    Removing stm32f10x_adc.o(i.ADC_Init), (80 bytes).
    Removing stm32f10x_adc.o(i.ADC_InjectedChannelConfig), (130 bytes).
    Removing stm32f10x_adc.o(i.ADC_InjectedDiscModeCmd), (22 bytes).
    Removing stm32f10x_adc.o(i.ADC_InjectedSequencerLengthConfig), (24 bytes).
    Removing stm32f10x_adc.o(i.ADC_RegularChannelConfig), (184 bytes).
    Removing stm32f10x_adc.o(i.ADC_ResetCalibration), (10 bytes).
    Removing stm32f10x_adc.o(i.ADC_SetInjectedOffset), (20 bytes).
    Removing stm32f10x_adc.o(i.ADC_SoftwareStartConvCmd), (22 bytes).
    Removing stm32f10x_adc.o(i.ADC_SoftwareStartInjectedConvCmd), (22 bytes).
    Removing stm32f10x_adc.o(i.ADC_StartCalibration), (10 bytes).
    Removing stm32f10x_adc.o(i.ADC_StructInit), (18 bytes).
    Removing stm32f10x_adc.o(i.ADC_TempSensorVrefintCmd), (36 bytes).
    Removing stm32f10x_flash.o(i.FLASH_ClearFlag), (12 bytes).
    Removing stm32f10x_flash.o(i.FLASH_EnableWriteProtection), (196 bytes).
    Removing stm32f10x_flash.o(i.FLASH_EraseAllBank1Pages), (72 bytes).
    Removing stm32f10x_flash.o(i.FLASH_EraseAllPages), (72 bytes).
    Removing stm32f10x_flash.o(i.FLASH_EraseOptionBytes), (168 bytes).
    Removing stm32f10x_flash.o(i.FLASH_ErasePage), (76 bytes).
    Removing stm32f10x_flash.o(i.FLASH_GetBank1Status), (52 bytes).
    Removing stm32f10x_flash.o(i.FLASH_GetFlagStatus), (48 bytes).
    Removing stm32f10x_flash.o(i.FLASH_GetPrefetchBufferStatus), (24 bytes).
    Removing stm32f10x_flash.o(i.FLASH_GetReadOutProtectionStatus), (24 bytes).
    Removing stm32f10x_flash.o(i.FLASH_GetStatus), (52 bytes).
    Removing stm32f10x_flash.o(i.FLASH_GetUserOptionByte), (12 bytes).
    Removing stm32f10x_flash.o(i.FLASH_GetWriteProtectionOptionByte), (12 bytes).
    Removing stm32f10x_flash.o(i.FLASH_HalfCycleAccessCmd), (28 bytes).
    Removing stm32f10x_flash.o(i.FLASH_ITConfig), (32 bytes).
    Removing stm32f10x_flash.o(i.FLASH_Lock), (20 bytes).
    Removing stm32f10x_flash.o(i.FLASH_LockBank1), (20 bytes).
    Removing stm32f10x_flash.o(i.FLASH_PrefetchBufferCmd), (28 bytes).
    Removing stm32f10x_flash.o(i.FLASH_ProgramHalfWord), (64 bytes).
    Removing stm32f10x_flash.o(i.FLASH_ProgramOptionByteData), (84 bytes).
    Removing stm32f10x_flash.o(i.FLASH_ProgramWord), (108 bytes).
    Removing stm32f10x_flash.o(i.FLASH_ReadOutProtection), (172 bytes).
    Removing stm32f10x_flash.o(i.FLASH_SetLatency), (24 bytes).
    Removing stm32f10x_flash.o(i.FLASH_Unlock), (24 bytes).
    Removing stm32f10x_flash.o(i.FLASH_UnlockBank1), (24 bytes).
    Removing stm32f10x_flash.o(i.FLASH_UserOptionByteConfig), (104 bytes).
    Removing stm32f10x_flash.o(i.FLASH_WaitForLastBank1Operation), (38 bytes).
    Removing stm32f10x_flash.o(i.FLASH_WaitForLastOperation), (38 bytes).
    Removing stm32f10x_gpio.o(i.GPIO_AFIODeInit), (20 bytes).
    Removing stm32f10x_gpio.o(i.GPIO_DeInit), (200 bytes).
    Removing stm32f10x_gpio.o(i.GPIO_ETH_MediaInterfaceConfig), (12 bytes).
    Removing stm32f10x_gpio.o(i.GPIO_EXTILineConfig), (64 bytes).
    Removing stm32f10x_gpio.o(i.GPIO_EventOutputCmd), (12 bytes).
    Removing stm32f10x_gpio.o(i.GPIO_EventOutputConfig), (32 bytes).
    Removing stm32f10x_gpio.o(i.GPIO_PinLockConfig), (18 bytes).
    Removing stm32f10x_gpio.o(i.GPIO_PinRemapConfig), (144 bytes).
    Removing stm32f10x_gpio.o(i.GPIO_ReadInputData), (8 bytes).
    Removing stm32f10x_gpio.o(i.GPIO_ReadOutputData), (8 bytes).
    Removing stm32f10x_gpio.o(i.GPIO_ReadOutputDataBit), (18 bytes).
    Removing stm32f10x_gpio.o(i.GPIO_Write), (4 bytes).
    Removing stm32f10x_gpio.o(i.GPIO_WriteBit), (10 bytes).
    Removing stm32f10x_i2c.o(i.I2C_ARPCmd), (24 bytes).
    Removing stm32f10x_i2c.o(i.I2C_AcknowledgeConfig), (24 bytes).
    Removing stm32f10x_i2c.o(i.I2C_CalculatePEC), (24 bytes).
    Removing stm32f10x_i2c.o(i.I2C_CheckEvent), (42 bytes).
    Removing stm32f10x_i2c.o(i.I2C_ClearFlag), (12 bytes).
    Removing stm32f10x_i2c.o(i.I2C_ClearITPendingBit), (12 bytes).
    Removing stm32f10x_i2c.o(i.I2C_Cmd), (24 bytes).
    Removing stm32f10x_i2c.o(i.I2C_DMACmd), (24 bytes).
    Removing stm32f10x_i2c.o(i.I2C_DMALastTransferCmd), (24 bytes).
    Removing stm32f10x_i2c.o(i.I2C_DeInit), (56 bytes).
    Removing stm32f10x_i2c.o(i.I2C_DualAddressCmd), (24 bytes).
    Removing stm32f10x_i2c.o(i.I2C_FastModeDutyCycleConfig), (28 bytes).
    Removing stm32f10x_i2c.o(i.I2C_GeneralCallCmd), (24 bytes).
    Removing stm32f10x_i2c.o(i.I2C_GenerateSTART), (24 bytes).
    Removing stm32f10x_i2c.o(i.I2C_GenerateSTOP), (24 bytes).
    Removing stm32f10x_i2c.o(i.I2C_GetFlagStatus), (58 bytes).
    Removing stm32f10x_i2c.o(i.I2C_GetITStatus), (38 bytes).
    Removing stm32f10x_i2c.o(i.I2C_GetLastEvent), (26 bytes).
    Removing stm32f10x_i2c.o(i.I2C_GetPEC), (8 bytes).
    Removing stm32f10x_i2c.o(i.I2C_ITConfig), (18 bytes).
    Removing stm32f10x_i2c.o(i.I2C_Init), (236 bytes).
    Removing stm32f10x_i2c.o(i.I2C_NACKPositionConfig), (28 bytes).
    Removing stm32f10x_i2c.o(i.I2C_OwnAddress2Config), (22 bytes).
    Removing stm32f10x_i2c.o(i.I2C_PECPositionConfig), (28 bytes).
    Removing stm32f10x_i2c.o(i.I2C_ReadRegister), (22 bytes).
    Removing stm32f10x_i2c.o(i.I2C_ReceiveData), (8 bytes).
    Removing stm32f10x_i2c.o(i.I2C_SMBusAlertConfig), (28 bytes).
    Removing stm32f10x_i2c.o(i.I2C_Send7bitAddress), (18 bytes).
    Removing stm32f10x_i2c.o(i.I2C_SendData), (4 bytes).
    Removing stm32f10x_i2c.o(i.I2C_SoftwareResetCmd), (22 bytes).
    Removing stm32f10x_i2c.o(i.I2C_StretchClockCmd), (24 bytes).
    Removing stm32f10x_i2c.o(i.I2C_StructInit), (30 bytes).
    Removing stm32f10x_i2c.o(i.I2C_TransmitPEC), (24 bytes).
    Removing stm32f10x_rcc.o(i.RCC_ADCCLKConfig), (24 bytes).
    Removing stm32f10x_rcc.o(i.RCC_AHBPeriphClockCmd), (32 bytes).
    Removing stm32f10x_rcc.o(i.RCC_APB1PeriphResetCmd), (32 bytes).
    Removing stm32f10x_rcc.o(i.RCC_APB2PeriphResetCmd), (32 bytes).
    Removing stm32f10x_rcc.o(i.RCC_AdjustHSICalibrationValue), (24 bytes).
    Removing stm32f10x_rcc.o(i.RCC_BackupResetCmd), (12 bytes).
    Removing stm32f10x_rcc.o(i.RCC_ClearFlag), (20 bytes).
    Removing stm32f10x_rcc.o(i.RCC_ClearITPendingBit), (12 bytes).
    Removing stm32f10x_rcc.o(i.RCC_ClockSecuritySystemCmd), (12 bytes).
    Removing stm32f10x_rcc.o(i.RCC_DeInit), (76 bytes).
    Removing stm32f10x_rcc.o(i.RCC_GetFlagStatus), (60 bytes).
    Removing stm32f10x_rcc.o(i.RCC_GetITStatus), (24 bytes).
    Removing stm32f10x_rcc.o(i.RCC_GetSYSCLKSource), (16 bytes).
    Removing stm32f10x_rcc.o(i.RCC_HCLKConfig), (24 bytes).
    Removing stm32f10x_rcc.o(i.RCC_HSEConfig), (76 bytes).
    Removing stm32f10x_rcc.o(i.RCC_HSICmd), (12 bytes).
    Removing stm32f10x_rcc.o(i.RCC_ITConfig), (32 bytes).
    Removing stm32f10x_rcc.o(i.RCC_LSEConfig), (52 bytes).
    Removing stm32f10x_rcc.o(i.RCC_LSICmd), (12 bytes).
    Removing stm32f10x_rcc.o(i.RCC_MCOConfig), (12 bytes).
    Removing stm32f10x_rcc.o(i.RCC_PCLK1Config), (24 bytes).
    Removing stm32f10x_rcc.o(i.RCC_PCLK2Config), (24 bytes).
    Removing stm32f10x_rcc.o(i.RCC_PLLCmd), (12 bytes).
    Removing stm32f10x_rcc.o(i.RCC_PLLConfig), (28 bytes).
    Removing stm32f10x_rcc.o(i.RCC_RTCCLKCmd), (12 bytes).
    Removing stm32f10x_rcc.o(i.RCC_RTCCLKConfig), (16 bytes).
    Removing stm32f10x_rcc.o(i.RCC_SYSCLKConfig), (24 bytes).
    Removing stm32f10x_rcc.o(i.RCC_USBCLKConfig), (12 bytes).
    Removing stm32f10x_rcc.o(i.RCC_WaitForHSEStartUp), (56 bytes).
    Removing stm32f10x_tim.o(i.TI1_Config), (128 bytes).
    Removing stm32f10x_tim.o(i.TI2_Config), (152 bytes).
    Removing stm32f10x_tim.o(i.TI3_Config), (144 bytes).
    Removing stm32f10x_tim.o(i.TI4_Config), (152 bytes).
    Removing stm32f10x_tim.o(i.TIM_ARRPreloadConfig), (24 bytes).
    Removing stm32f10x_tim.o(i.TIM_BDTRConfig), (32 bytes).
    Removing stm32f10x_tim.o(i.TIM_BDTRStructInit), (18 bytes).
    Removing stm32f10x_tim.o(i.TIM_CCPreloadControl), (24 bytes).
    Removing stm32f10x_tim.o(i.TIM_CCxCmd), (30 bytes).
    Removing stm32f10x_tim.o(i.TIM_CCxNCmd), (30 bytes).
    Removing stm32f10x_tim.o(i.TIM_ClearFlag), (6 bytes).
    Removing stm32f10x_tim.o(i.TIM_ClearITPendingBit), (6 bytes).
    Removing stm32f10x_tim.o(i.TIM_ClearOC1Ref), (18 bytes).
    Removing stm32f10x_tim.o(i.TIM_ClearOC2Ref), (24 bytes).
    Removing stm32f10x_tim.o(i.TIM_ClearOC3Ref), (18 bytes).
    Removing stm32f10x_tim.o(i.TIM_ClearOC4Ref), (24 bytes).
    Removing stm32f10x_tim.o(i.TIM_Cmd), (24 bytes).
    Removing stm32f10x_tim.o(i.TIM_CounterModeConfig), (18 bytes).
    Removing stm32f10x_tim.o(i.TIM_CtrlPWMOutputs), (30 bytes).
    Removing stm32f10x_tim.o(i.TIM_DMACmd), (18 bytes).
    Removing stm32f10x_tim.o(i.TIM_DMAConfig), (10 bytes).
    Removing stm32f10x_tim.o(i.TIM_DeInit), (488 bytes).
    Removing stm32f10x_tim.o(i.TIM_ETRClockMode1Config), (54 bytes).
    Removing stm32f10x_tim.o(i.TIM_ETRClockMode2Config), (32 bytes).
    Removing stm32f10x_tim.o(i.TIM_ETRConfig), (28 bytes).
    Removing stm32f10x_tim.o(i.TIM_EncoderInterfaceConfig), (66 bytes).
    Removing stm32f10x_tim.o(i.TIM_ForcedOC1Config), (18 bytes).
    Removing stm32f10x_tim.o(i.TIM_ForcedOC2Config), (26 bytes).
    Removing stm32f10x_tim.o(i.TIM_ForcedOC3Config), (18 bytes).
    Removing stm32f10x_tim.o(i.TIM_ForcedOC4Config), (26 bytes).
    Removing stm32f10x_tim.o(i.TIM_GenerateEvent), (4 bytes).
    Removing stm32f10x_tim.o(i.TIM_GetCapture1), (6 bytes).
    Removing stm32f10x_tim.o(i.TIM_GetCapture2), (6 bytes).
    Removing stm32f10x_tim.o(i.TIM_GetCapture3), (6 bytes).
    Removing stm32f10x_tim.o(i.TIM_GetCapture4), (8 bytes).
    Removing stm32f10x_tim.o(i.TIM_GetCounter), (6 bytes).
    Removing stm32f10x_tim.o(i.TIM_GetFlagStatus), (18 bytes).
    Removing stm32f10x_tim.o(i.TIM_GetITStatus), (34 bytes).
    Removing stm32f10x_tim.o(i.TIM_GetPrescaler), (6 bytes).
    Removing stm32f10x_tim.o(i.TIM_ICInit), (172 bytes).
    Removing stm32f10x_tim.o(i.TIM_ICStructInit), (18 bytes).
    Removing stm32f10x_tim.o(i.TIM_ITConfig), (18 bytes).
    Removing stm32f10x_tim.o(i.TIM_ITRxExternalClockConfig), (24 bytes).
    Removing stm32f10x_tim.o(i.TIM_InternalClockConfig), (12 bytes).
    Removing stm32f10x_tim.o(i.TIM_OC1FastConfig), (18 bytes).
    Removing stm32f10x_tim.o(i.TIM_OC1Init), (152 bytes).
    Removing stm32f10x_tim.o(i.TIM_OC1NPolarityConfig), (18 bytes).
    Removing stm32f10x_tim.o(i.TIM_OC1PolarityConfig), (18 bytes).
    Removing stm32f10x_tim.o(i.TIM_OC1PreloadConfig), (18 bytes).
    Removing stm32f10x_tim.o(i.TIM_OC2FastConfig), (26 bytes).
    Removing stm32f10x_tim.o(i.TIM_OC2Init), (164 bytes).
    Removing stm32f10x_tim.o(i.TIM_OC2NPolarityConfig), (26 bytes).
    Removing stm32f10x_tim.o(i.TIM_OC2PolarityConfig), (26 bytes).
    Removing stm32f10x_tim.o(i.TIM_OC2PreloadConfig), (26 bytes).
    Removing stm32f10x_tim.o(i.TIM_OC3FastConfig), (18 bytes).
    Removing stm32f10x_tim.o(i.TIM_OC3Init), (160 bytes).
    Removing stm32f10x_tim.o(i.TIM_OC3NPolarityConfig), (26 bytes).
    Removing stm32f10x_tim.o(i.TIM_OC3PolarityConfig), (26 bytes).
    Removing stm32f10x_tim.o(i.TIM_OC3PreloadConfig), (18 bytes).
    Removing stm32f10x_tim.o(i.TIM_OC4FastConfig), (26 bytes).
    Removing stm32f10x_tim.o(i.TIM_OC4Init), (124 bytes).
    Removing stm32f10x_tim.o(i.TIM_OC4PolarityConfig), (26 bytes).
    Removing stm32f10x_tim.o(i.TIM_OC4PreloadConfig), (26 bytes).
    Removing stm32f10x_tim.o(i.TIM_OCStructInit), (20 bytes).
    Removing stm32f10x_tim.o(i.TIM_PWMIConfig), (124 bytes).
    Removing stm32f10x_tim.o(i.TIM_PrescalerConfig), (6 bytes).
    Removing stm32f10x_tim.o(i.TIM_SelectCCDMA), (24 bytes).
    Removing stm32f10x_tim.o(i.TIM_SelectCOM), (24 bytes).
    Removing stm32f10x_tim.o(i.TIM_SelectHallSensor), (24 bytes).
    Removing stm32f10x_tim.o(i.TIM_SelectInputTrigger), (18 bytes).
    Removing stm32f10x_tim.o(i.TIM_SelectMasterSlaveMode), (18 bytes).
    Removing stm32f10x_tim.o(i.TIM_SelectOCxM), (82 bytes).
    Removing stm32f10x_tim.o(i.TIM_SelectOnePulseMode), (18 bytes).
    Removing stm32f10x_tim.o(i.TIM_SelectOutputTrigger), (18 bytes).
    Removing stm32f10x_tim.o(i.TIM_SelectSlaveMode), (18 bytes).
    Removing stm32f10x_tim.o(i.TIM_SetAutoreload), (4 bytes).
    Removing stm32f10x_tim.o(i.TIM_SetClockDivision), (18 bytes).
    Removing stm32f10x_tim.o(i.TIM_SetCompare1), (4 bytes).
    Removing stm32f10x_tim.o(i.TIM_SetCompare2), (4 bytes).
    Removing stm32f10x_tim.o(i.TIM_SetCompare3), (4 bytes).
    Removing stm32f10x_tim.o(i.TIM_SetCompare4), (6 bytes).
    Removing stm32f10x_tim.o(i.TIM_SetCounter), (4 bytes).
    Removing stm32f10x_tim.o(i.TIM_SetIC1Prescaler), (18 bytes).
    Removing stm32f10x_tim.o(i.TIM_SetIC2Prescaler), (26 bytes).
    Removing stm32f10x_tim.o(i.TIM_SetIC3Prescaler), (18 bytes).
    Removing stm32f10x_tim.o(i.TIM_SetIC4Prescaler), (26 bytes).
    Removing stm32f10x_tim.o(i.TIM_TIxExternalClockConfig), (62 bytes).
    Removing stm32f10x_tim.o(i.TIM_TimeBaseInit), (164 bytes).
    Removing stm32f10x_tim.o(i.TIM_TimeBaseStructInit), (18 bytes).
    Removing stm32f10x_tim.o(i.TIM_UpdateDisableConfig), (24 bytes).
    Removing stm32f10x_tim.o(i.TIM_UpdateRequestConfig), (24 bytes).
    Removing stm32f10x_usart.o(i.USART_ClearFlag), (18 bytes).
    Removing stm32f10x_usart.o(i.USART_ClearITPendingBit), (30 bytes).
    Removing stm32f10x_usart.o(i.USART_ClockInit), (34 bytes).
    Removing stm32f10x_usart.o(i.USART_ClockStructInit), (12 bytes).
    Removing stm32f10x_usart.o(i.USART_DMACmd), (18 bytes).
    Removing stm32f10x_usart.o(i.USART_DeInit), (156 bytes).
    Removing stm32f10x_usart.o(i.USART_HalfDuplexCmd), (24 bytes).
    Removing stm32f10x_usart.o(i.USART_IrDACmd), (24 bytes).
    Removing stm32f10x_usart.o(i.USART_IrDAConfig), (18 bytes).
    Removing stm32f10x_usart.o(i.USART_LINBreakDetectLengthConfig), (18 bytes).
    Removing stm32f10x_usart.o(i.USART_LINCmd), (24 bytes).
    Removing stm32f10x_usart.o(i.USART_OneBitMethodCmd), (24 bytes).
    Removing stm32f10x_usart.o(i.USART_OverSampling8Cmd), (22 bytes).
    Removing stm32f10x_usart.o(i.USART_ReceiverWakeUpCmd), (24 bytes).
    Removing stm32f10x_usart.o(i.USART_SendBreak), (10 bytes).
    Removing stm32f10x_usart.o(i.USART_SetAddress), (18 bytes).
    Removing stm32f10x_usart.o(i.USART_SetGuardTime), (16 bytes).
    Removing stm32f10x_usart.o(i.USART_SetPrescaler), (16 bytes).
    Removing stm32f10x_usart.o(i.USART_SmartCardCmd), (24 bytes).
    Removing stm32f10x_usart.o(i.USART_SmartCardNACKCmd), (24 bytes).
    Removing stm32f10x_usart.o(i.USART_StructInit), (24 bytes).
    Removing stm32f10x_usart.o(i.USART_WakeUpConfig), (18 bytes).
    Removing startup_stm32f10x_md.o(HEAP), (512 bytes).
    Removing system_stm32f10x.o(i.SystemCoreClockUpdate), (164 bytes).

259 unused section(s) (total 10360 bytes) removed from the image.

==============================================================================

Image Symbol Table

    Local Symbols

    Symbol Name                              Value     Ov Type        Size  Object(Section)

    ../clib/microlib/division.c              0x00000000   Number         0  uldiv.o ABSOLUTE
    ../clib/microlib/division.c              0x00000000   Number         0  uidiv.o ABSOLUTE
    ../clib/microlib/init/entry.s            0x00000000   Number         0  entry9b.o ABSOLUTE
    ../clib/microlib/init/entry.s            0x00000000   Number         0  entry11b.o ABSOLUTE
    ../clib/microlib/init/entry.s            0x00000000   Number         0  entry11a.o ABSOLUTE
    ../clib/microlib/init/entry.s            0x00000000   Number         0  entry10b.o ABSOLUTE
    ../clib/microlib/init/entry.s            0x00000000   Number         0  entry10a.o ABSOLUTE
    ../clib/microlib/init/entry.s            0x00000000   Number         0  entry9a.o ABSOLUTE
    ../clib/microlib/init/entry.s            0x00000000   Number         0  entry8b.o ABSOLUTE
    ../clib/microlib/init/entry.s            0x00000000   Number         0  entry8a.o ABSOLUTE
    ../clib/microlib/init/entry.s            0x00000000   Number         0  entry2.o ABSOLUTE
    ../clib/microlib/init/entry.s            0x00000000   Number         0  entry.o ABSOLUTE
    ../clib/microlib/init/entry.s            0x00000000   Number         0  entry7b.o ABSOLUTE
    ../clib/microlib/init/entry.s            0x00000000   Number         0  entry7a.o ABSOLUTE
    ../clib/microlib/init/entry.s            0x00000000   Number         0  entry5.o ABSOLUTE
    ../clib/microlib/longlong.c              0x00000000   Number         0  llsshr.o ABSOLUTE
    ../clib/microlib/longlong.c              0x00000000   Number         0  llushr.o ABSOLUTE
    ../clib/microlib/longlong.c              0x00000000   Number         0  llshl.o ABSOLUTE
    ../clib/microlib/printf/printf.c         0x00000000   Number         0  printfb.o ABSOLUTE
    ../clib/microlib/printf/printf.c         0x00000000   Number         0  printf0.o ABSOLUTE
    ../clib/microlib/printf/printf.c         0x00000000   Number         0  printfa.o ABSOLUTE
    ../clib/microlib/printf/printf.c         0x00000000   Number         0  printf8.o ABSOLUTE
    ../clib/microlib/printf/printf.c         0x00000000   Number         0  printf6.o ABSOLUTE
    ../clib/microlib/printf/printf.c         0x00000000   Number         0  printf4.o ABSOLUTE
    ../clib/microlib/printf/printf.c         0x00000000   Number         0  printf3.o ABSOLUTE
    ../clib/microlib/printf/printf.c         0x00000000   Number         0  printf7.o ABSOLUTE
    ../clib/microlib/printf/printf.c         0x00000000   Number         0  printf5.o ABSOLUTE
    ../clib/microlib/printf/printf.c         0x00000000   Number         0  printf2.o ABSOLUTE
    ../clib/microlib/printf/printf.c         0x00000000   Number         0  printf1.o ABSOLUTE
    ../clib/microlib/printf/stubs.s          0x00000000   Number         0  stubs.o ABSOLUTE
    ../clib/microlib/stdio/streams.c         0x00000000   Number         0  stdout.o ABSOLUTE
    ../clib/microlib/string/memcpy.c         0x00000000   Number         0  memcpyb.o ABSOLUTE
    ../clib/microlib/string/memcpy.c         0x00000000   Number         0  memcpya.o ABSOLUTE
    ../clib/microlib/string/memset.c         0x00000000   Number         0  memseta.o ABSOLUTE
    ../clib/microlib/string/strlen.c         0x00000000   Number         0  strlen.o ABSOLUTE
    ../clib/microlib/string/strstr.c         0x00000000   Number         0  strstr.o ABSOLUTE
    ../clib/microlib/stubs.s                 0x00000000   Number         0  iusefp.o ABSOLUTE
    ../fplib/microlib/d2f.c                  0x00000000   Number         0  d2f.o ABSOLUTE
    ../fplib/microlib/f2d.c                  0x00000000   Number         0  f2d.o ABSOLUTE
    ../fplib/microlib/fpadd.c                0x00000000   Number         0  dadd.o ABSOLUTE
    ../fplib/microlib/fpdiv.c                0x00000000   Number         0  ddiv.o ABSOLUTE
    ../fplib/microlib/fpepilogue.c           0x00000000   Number         0  fepilogue.o ABSOLUTE
    ../fplib/microlib/fpepilogue.c           0x00000000   Number         0  depilogue.o ABSOLUTE
    ../fplib/microlib/fpfix.c                0x00000000   Number         0  dfixul.o ABSOLUTE
    ../fplib/microlib/fpflt.c                0x00000000   Number         0  dfltui.o ABSOLUTE
    ../fplib/microlib/fpflt.c                0x00000000   Number         0  dflti.o ABSOLUTE
    ../fplib/microlib/fpmul.c                0x00000000   Number         0  dmul.o ABSOLUTE
    E:\MDK5\ARM\PACK\Keil\STM32F1xx_DFP\1.0.5\Device\StdPeriph_Driver\src\stm32f10x_adc.c 0x00000000   Number         0  stm32f10x_adc.o ABSOLUTE
    E:\MDK5\ARM\PACK\Keil\STM32F1xx_DFP\1.0.5\Device\StdPeriph_Driver\src\stm32f10x_flash.c 0x00000000   Number         0  stm32f10x_flash.o ABSOLUTE
    E:\MDK5\ARM\PACK\Keil\STM32F1xx_DFP\1.0.5\Device\StdPeriph_Driver\src\stm32f10x_gpio.c 0x00000000   Number         0  stm32f10x_gpio.o ABSOLUTE
    E:\MDK5\ARM\PACK\Keil\STM32F1xx_DFP\1.0.5\Device\StdPeriph_Driver\src\stm32f10x_i2c.c 0x00000000   Number         0  stm32f10x_i2c.o ABSOLUTE
    E:\MDK5\ARM\PACK\Keil\STM32F1xx_DFP\1.0.5\Device\StdPeriph_Driver\src\stm32f10x_rcc.c 0x00000000   Number         0  stm32f10x_rcc.o ABSOLUTE
    E:\MDK5\ARM\PACK\Keil\STM32F1xx_DFP\1.0.5\Device\StdPeriph_Driver\src\stm32f10x_tim.c 0x00000000   Number         0  stm32f10x_tim.o ABSOLUTE
    E:\MDK5\ARM\PACK\Keil\STM32F1xx_DFP\1.0.5\Device\StdPeriph_Driver\src\stm32f10x_usart.c 0x00000000   Number         0  stm32f10x_usart.o ABSOLUTE
    GPS\gps.c                                0x00000000   Number         0  gps.o ABSOLUTE
    GY-30\bh1750.c                           0x00000000   Number         0  bh1750.o ABSOLUTE
    Nb\nb.c                                  0x00000000   Number         0  nb.o ABSOLUTE
    RTE\Device\STM32F103C8\startup_stm32f10x_md.s 0x00000000   Number         0  startup_stm32f10x_md.o ABSOLUTE
    RTE\Device\STM32F103C8\system_stm32f10x.c 0x00000000   Number         0  system_stm32f10x.o ABSOLUTE
    cdrcmple.s                               0x00000000   Number         0  cdrcmple.o ABSOLUTE
    code.c                                   0x00000000   Number         0  code.o ABSOLUTE
    dc.s                                     0x00000000   Number         0  dc.o ABSOLUTE
    dht11\dht11.c                            0x00000000   Number         0  dht11.o ABSOLUTE
    handlers.s                               0x00000000   Number         0  handlers.o ABSOLUTE
    init.s                                   0x00000000   Number         0  init.o ABSOLUTE
    sds011\sds011.c                          0x00000000   Number         0  sds011.o ABSOLUTE
    sys\delay.c                              0x00000000   Number         0  delay.o ABSOLUTE
    sys\sys.c                                0x00000000   Number         0  sys.o ABSOLUTE
    systick\\core_cm3.c                      0x00000000   Number         0  core_cm3.o ABSOLUTE
    systick\core_cm3.c                       0x00000000   Number         0  core_cm3.o ABSOLUTE
    RESET                                    0x08000000   Section      236  startup_stm32f10x_md.o(RESET)
    .ARM.Collect$$$$00000000                 0x080000ec   Section        0  entry.o(.ARM.Collect$$$$00000000)
    .ARM.Collect$$$$00000001                 0x080000ec   Section        4  entry2.o(.ARM.Collect$$$$00000001)
    .ARM.Collect$$$$00000004                 0x080000f0   Section        4  entry5.o(.ARM.Collect$$$$00000004)
    .ARM.Collect$$$$00000008                 0x080000f4   Section        0  entry7b.o(.ARM.Collect$$$$00000008)
    .ARM.Collect$$$$0000000A                 0x080000f4   Section        0  entry8b.o(.ARM.Collect$$$$0000000A)
    .ARM.Collect$$$$0000000B                 0x080000f4   Section        8  entry9a.o(.ARM.Collect$$$$0000000B)
    .ARM.Collect$$$$0000000D                 0x080000fc   Section        0  entry10a.o(.ARM.Collect$$$$0000000D)
    .ARM.Collect$$$$0000000F                 0x080000fc   Section        0  entry11a.o(.ARM.Collect$$$$0000000F)
    .ARM.Collect$$$$00002712                 0x080000fc   Section        4  entry2.o(.ARM.Collect$$$$00002712)
    __lit__00000000                          0x080000fc   Data           4  entry2.o(.ARM.Collect$$$$00002712)
    .text                                    0x08000100   Section       36  startup_stm32f10x_md.o(.text)
    .text                                    0x08000124   Section        0  memcpya.o(.text)
    .text                                    0x08000148   Section        0  memseta.o(.text)
    .text                                    0x0800016c   Section        0  strstr.o(.text)
    .text                                    0x08000190   Section        0  strlen.o(.text)
    .text                                    0x0800019e   Section        0  ddiv.o(.text)
    .text                                    0x0800027c   Section        0  dflti.o(.text)
    .text                                    0x0800029e   Section        0  dfltui.o(.text)
    .text                                    0x080002b8   Section        0  f2d.o(.text)
    .text                                    0x080002de   Section        0  d2f.o(.text)
    .text                                    0x08000316   Section        0  uidiv.o(.text)
    .text                                    0x08000342   Section        0  uldiv.o(.text)
    .text                                    0x080003a4   Section        0  iusefp.o(.text)
    .text                                    0x080003a4   Section        0  fepilogue.o(.text)
    .text                                    0x08000412   Section        0  depilogue.o(.text)
    .text                                    0x080004cc   Section        0  dadd.o(.text)
    .text                                    0x0800061a   Section        0  dmul.o(.text)
    .text                                    0x080006fe   Section        0  dfixul.o(.text)
    .text                                    0x08000730   Section       48  cdrcmple.o(.text)
    .text                                    0x08000760   Section       36  init.o(.text)
    .text                                    0x08000784   Section        0  llshl.o(.text)
    .text                                    0x080007a2   Section        0  llushr.o(.text)
    .text                                    0x080007c2   Section        0  llsshr.o(.text)
    i.BH1750_RecvACK                         0x080007e8   Section        0  bh1750.o(i.BH1750_RecvACK)
    i.BH1750_RecvByte                        0x08000850   Section        0  bh1750.o(i.BH1750_RecvByte)
    i.BH1750_SendACK                         0x080008c8   Section        0  bh1750.o(i.BH1750_SendACK)
    i.BH1750_SendByte                        0x08000924   Section        0  bh1750.o(i.BH1750_SendByte)
    i.BH1750_Start                           0x08000974   Section        0  bh1750.o(i.BH1750_Start)
    i.BH1750_Stop                            0x080009a4   Section        0  bh1750.o(i.BH1750_Stop)
    i.BusFault_Handler                       0x080009cc   Section        0  code.o(i.BusFault_Handler)
    i.CLR_Buf                                0x080009d0   Section        0  gps.o(i.CLR_Buf)
    i.DHT11_Check                            0x080009ec   Section        0  dht11.o(i.DHT11_Check)
    i.DHT11_Read_Bit                         0x08000a5c   Section        0  dht11.o(i.DHT11_Read_Bit)
    i.DHT11_Read_Byte                        0x08000aa8   Section        0  dht11.o(i.DHT11_Read_Byte)
    i.DHT11_Read_Data                        0x08000ac6   Section        0  dht11.o(i.DHT11_Read_Data)
    i.DHT11_Rst                              0x08000b20   Section        0  dht11.o(i.DHT11_Rst)
    i.DebugMon_Handler                       0x08000b60   Section        0  code.o(i.DebugMon_Handler)
    i.Delay_5us                              0x08000b62   Section        0  bh1750.o(i.Delay_5us)
    i.Delay_mms                              0x08000b82   Section        0  bh1750.o(i.Delay_mms)
    i.GPIOConfig                             0x08000ba4   Section        0  bh1750.o(i.GPIOConfig)
    i.GPIO_Configuration                     0x08000bd0   Section        0  code.o(i.GPIO_Configuration)
    i.GPIO_Configuration_sds011              0x08000c48   Section        0  sds011.o(i.GPIO_Configuration_sds011)
    i.GPIO_Init                              0x08000c74   Section        0  stm32f10x_gpio.o(i.GPIO_Init)
    i.GPIO_ReadInputDataBit                  0x08000d8a   Section        0  stm32f10x_gpio.o(i.GPIO_ReadInputDataBit)
    i.GPIO_ResetBits                         0x08000d9c   Section        0  stm32f10x_gpio.o(i.GPIO_ResetBits)
    i.GPIO_SetBits                           0x08000da0   Section        0  stm32f10x_gpio.o(i.GPIO_SetBits)
    i.GPIO_StructInit                        0x08000da4   Section        0  stm32f10x_gpio.o(i.GPIO_StructInit)
    i.Get_gy30                               0x08000db4   Section        0  bh1750.o(i.Get_gy30)
    i.HardFault_Handler                      0x08000e10   Section        0  code.o(i.HardFault_Handler)
    i.Init_BH1750                            0x08000e14   Section        0  bh1750.o(i.Init_BH1750)
    i.MemManage_Handler                      0x08000e1e   Section        0  code.o(i.MemManage_Handler)
    i.NMI_Handler                            0x08000e22   Section        0  code.o(i.NMI_Handler)
    i.NVIC_Configuration                     0x08000e24   Section        0  gps.o(i.NVIC_Configuration)
    i.NVIC_Configuration_sds011              0x08000e30   Section        0  sds011.o(i.NVIC_Configuration_sds011)
    i.NVIC_Init                              0x08000e58   Section        0  code.o(i.NVIC_Init)
    i.NVIC_PriorityGroupConfig               0x08000ec8   Section        0  code.o(i.NVIC_PriorityGroupConfig)
    i.PendSV_Handler                         0x08000edc   Section        0  code.o(i.PendSV_Handler)
    i.RCC_APB1PeriphClockCmd                 0x08000ee0   Section        0  stm32f10x_rcc.o(i.RCC_APB1PeriphClockCmd)
    i.RCC_APB2PeriphClockCmd                 0x08000f00   Section        0  stm32f10x_rcc.o(i.RCC_APB2PeriphClockCmd)
    i.RCC_Configuration                      0x08000f20   Section        0  code.o(i.RCC_Configuration)
    i.RCC_Configuration_sds011               0x08000f50   Section        0  sds011.o(i.RCC_Configuration_sds011)
    i.RCC_GetClocksFreq                      0x08000f70   Section        0  stm32f10x_rcc.o(i.RCC_GetClocksFreq)
    i.SVC_Handler                            0x08001044   Section        0  code.o(i.SVC_Handler)
    i.SetSysClock                            0x08001046   Section        0  system_stm32f10x.o(i.SetSysClock)
    SetSysClock                              0x08001047   Thumb Code     8  system_stm32f10x.o(i.SetSysClock)
    i.SetSysClockTo72                        0x08001050   Section        0  system_stm32f10x.o(i.SetSysClockTo72)
    SetSysClockTo72                          0x08001051   Thumb Code   214  system_stm32f10x.o(i.SetSysClockTo72)
    i.Single_Write_BH1750                    0x08001130   Section        0  bh1750.o(i.Single_Write_BH1750)
    i.SysTick_CLKSourceConfig                0x0800114a   Section        0  code.o(i.SysTick_CLKSourceConfig)
    i.SysTick_Handler                        0x08001172   Section        0  code.o(i.SysTick_Handler)
    i.SystemInit                             0x08001174   Section        0  system_stm32f10x.o(i.SystemInit)
    i.USART1_IRQHandler                      0x080011d4   Section        0  gps.o(i.USART1_IRQHandler)
    i.USART2_Configuration                   0x0800126c   Section        0  nb.o(i.USART2_Configuration)
    i.USART2_IRQHandler                      0x0800132c   Section        0  code.o(i.USART2_IRQHandler)
    i.USART3_IRQHandler                      0x08001390   Section        0  sds011.o(i.USART3_IRQHandler)
    i.USART_Cmd                              0x08001464   Section        0  stm32f10x_usart.o(i.USART_Cmd)
    i.USART_Configuration_sds011             0x0800147c   Section        0  sds011.o(i.USART_Configuration_sds011)
    i.USART_GetFlagStatus                    0x080014c0   Section        0  stm32f10x_usart.o(i.USART_GetFlagStatus)
    i.USART_GetITStatus                      0x080014da   Section        0  stm32f10x_usart.o(i.USART_GetITStatus)
    i.USART_ITConfig                         0x0800152e   Section        0  stm32f10x_usart.o(i.USART_ITConfig)
    i.USART_Init                             0x08001578   Section        0  stm32f10x_usart.o(i.USART_Init)
    i.USART_ReceiveData                      0x08001650   Section        0  stm32f10x_usart.o(i.USART_ReceiveData)
    i.USART_SendData                         0x0800165a   Section        0  stm32f10x_usart.o(i.USART_SendData)
    i.UsageFault_Handler                     0x08001662   Section        0  code.o(i.UsageFault_Handler)
    i.__0printf                              0x08001668   Section        0  printfa.o(i.__0printf)
    i.__0sprintf                             0x08001688   Section        0  printfa.o(i.__0sprintf)
    i.__scatterload_copy                     0x080016b0   Section       14  handlers.o(i.__scatterload_copy)
    i.__scatterload_null                     0x080016be   Section        2  handlers.o(i.__scatterload_null)
    i.__scatterload_zeroinit                 0x080016c0   Section       14  handlers.o(i.__scatterload_zeroinit)
    i._fp_digits                             0x080016d0   Section        0  printfa.o(i._fp_digits)
    _fp_digits                               0x080016d1   Thumb Code   334  printfa.o(i._fp_digits)
    i._printf_core                           0x08001834   Section        0  printfa.o(i._printf_core)
    _printf_core                             0x08001835   Thumb Code  1744  printfa.o(i._printf_core)
    i._printf_post_padding                   0x08001f10   Section        0  printfa.o(i._printf_post_padding)
    _printf_post_padding                     0x08001f11   Thumb Code    36  printfa.o(i._printf_post_padding)
    i._printf_pre_padding                    0x08001f34   Section        0  printfa.o(i._printf_pre_padding)
    _printf_pre_padding                      0x08001f35   Thumb Code    46  printfa.o(i._printf_pre_padding)
    i._sputc                                 0x08001f62   Section        0  printfa.o(i._sputc)
    _sputc                                   0x08001f63   Thumb Code    10  printfa.o(i._sputc)
    i.char2ascii                             0x08001f6c   Section        0  code.o(i.char2ascii)
    i.clrStruct                              0x08001fa0   Section        0  gps.o(i.clrStruct)
    i.delay_init                             0x08001ff8   Section        0  delay.o(i.delay_init)
    i.delay_ms                               0x0800203c   Section        0  delay.o(i.delay_ms)
    i.delay_us                               0x08002088   Section        0  delay.o(i.delay_us)
    i.fputc                                  0x080020d4   Section        0  nb.o(i.fputc)
    i.gps_init                               0x08002114   Section        0  gps.o(i.gps_init)
    i.main                                   0x08002128   Section        0  code.o(i.main)
    i.mread                                  0x080023f8   Section        0  bh1750.o(i.mread)
    i.parseGpsBuffer                         0x0800243c   Section        0  gps.o(i.parseGpsBuffer)
    i.sds011_USART_Init                      0x08002530   Section        0  sds011.o(i.sds011_USART_Init)
    i.uart_init                              0x08002544   Section        0  gps.o(i.uart_init)
    .data                                    0x20000000   Section       56  code.o(.data)
    .data                                    0x20000038   Section        4  delay.o(.data)
    fac_us                                   0x20000038   Data           1  delay.o(.data)
    fac_ms                                   0x2000003a   Data           2  delay.o(.data)
    .data                                    0x2000003c   Section       16  bh1750.o(.data)
    .data                                    0x2000004c   Section       20  sds011.o(.data)
    .data                                    0x20000060   Section        6  gps.o(.data)
    .data                                    0x20000066   Section       20  stm32f10x_rcc.o(.data)
    APBAHBPrescTable                         0x20000066   Data          16  stm32f10x_rcc.o(.data)
    ADCPrescTable                            0x20000076   Data           4  stm32f10x_rcc.o(.data)
    .data                                    0x2000007c   Section       20  system_stm32f10x.o(.data)
    .data                                    0x20000090   Section        4  stdout.o(.data)
    .bss                                     0x20000094   Section      376  code.o(.bss)
    .bss                                     0x2000020c   Section      332  gps.o(.bss)
    STACK                                    0x20000358   Section     1024  startup_stm32f10x_md.o(STACK)

    Global Symbols

    Symbol Name                              Value     Ov Type        Size  Object(Section)

    BuildAttributes$$THM_ISAv4$P$D$K$B$S$PE$A:L22UL41UL21$X:L11$S22US41US21$IEEE1$IW$USESV6$~STKCKD$USESV7$~SHL$OTIME$ROPI$EBA8$MICROLIB$REQ8$PRES8$EABIv2 0x00000000   Number         0  anon$$obj.o ABSOLUTE
    __ARM_use_no_argv                        0x00000000   Number         0  code.o ABSOLUTE
    _printf_a                                0x00000000   Number         0  stubs.o ABSOLUTE
    _printf_c                                0x00000000   Number         0  stubs.o ABSOLUTE
    _printf_charcount                        0x00000000   Number         0  stubs.o ABSOLUTE
    _printf_d                                0x00000000   Number         0  stubs.o ABSOLUTE
    _printf_e                                0x00000000   Number         0  stubs.o ABSOLUTE
    _printf_f                                0x00000000   Number         0  stubs.o ABSOLUTE
    _printf_flags                            0x00000000   Number         0  stubs.o ABSOLUTE
    _printf_fp_dec                           0x00000000   Number         0  stubs.o ABSOLUTE
    _printf_fp_hex                           0x00000000   Number         0  stubs.o ABSOLUTE
    _printf_g                                0x00000000   Number         0  stubs.o ABSOLUTE
    _printf_i                                0x00000000   Number         0  stubs.o ABSOLUTE
    _printf_int_dec                          0x00000000   Number         0  stubs.o ABSOLUTE
    _printf_l                                0x00000000   Number         0  stubs.o ABSOLUTE
    _printf_lc                               0x00000000   Number         0  stubs.o ABSOLUTE
    _printf_ll                               0x00000000   Number         0  stubs.o ABSOLUTE
    _printf_lld                              0x00000000   Number         0  stubs.o ABSOLUTE
    _printf_lli                              0x00000000   Number         0  stubs.o ABSOLUTE
    _printf_llo                              0x00000000   Number         0  stubs.o ABSOLUTE
    _printf_llu                              0x00000000   Number         0  stubs.o ABSOLUTE
    _printf_llx                              0x00000000   Number         0  stubs.o ABSOLUTE
    _printf_longlong_dec                     0x00000000   Number         0  stubs.o ABSOLUTE
    _printf_longlong_hex                     0x00000000   Number         0  stubs.o ABSOLUTE
    _printf_longlong_oct                     0x00000000   Number         0  stubs.o ABSOLUTE
    _printf_ls                               0x00000000   Number         0  stubs.o ABSOLUTE
    _printf_mbtowc                           0x00000000   Number         0  stubs.o ABSOLUTE
    _printf_n                                0x00000000   Number         0  stubs.o ABSOLUTE
    _printf_o                                0x00000000   Number         0  stubs.o ABSOLUTE
    _printf_p                                0x00000000   Number         0  stubs.o ABSOLUTE
    _printf_percent                          0x00000000   Number         0  stubs.o ABSOLUTE
    _printf_pre_padding                      0x00000000   Number         0  stubs.o ABSOLUTE
    _printf_return_value                     0x00000000   Number         0  stubs.o ABSOLUTE
    _printf_s                                0x00000000   Number         0  stubs.o ABSOLUTE
    _printf_sizespec                         0x00000000   Number         0  stubs.o ABSOLUTE
    _printf_str                              0x00000000   Number         0  stubs.o ABSOLUTE
    _printf_truncate_signed                  0x00000000   Number         0  stubs.o ABSOLUTE
    _printf_truncate_unsigned                0x00000000   Number         0  stubs.o ABSOLUTE
    _printf_u                                0x00000000   Number         0  stubs.o ABSOLUTE
    _printf_wc                               0x00000000   Number         0  stubs.o ABSOLUTE
    _printf_wctomb                           0x00000000   Number         0  stubs.o ABSOLUTE
    _printf_widthprec                        0x00000000   Number         0  stubs.o ABSOLUTE
    _printf_x                                0x00000000   Number         0  stubs.o ABSOLUTE
    __cpp_initialize__aeabi_                  - Undefined Weak Reference
    __cxa_finalize                            - Undefined Weak Reference
    __decompress                              - Undefined Weak Reference
    _clock_init                               - Undefined Weak Reference
    _microlib_exit                            - Undefined Weak Reference
    __Vectors_Size                           0x000000ec   Number         0  startup_stm32f10x_md.o ABSOLUTE
    __Vectors                                0x08000000   Data           4  startup_stm32f10x_md.o(RESET)
    __Vectors_End                            0x080000ec   Data           0  startup_stm32f10x_md.o(RESET)
    __main                                   0x080000ed   Thumb Code     0  entry.o(.ARM.Collect$$$$00000000)
    _main_stk                                0x080000ed   Thumb Code     0  entry2.o(.ARM.Collect$$$$00000001)
    _main_scatterload                        0x080000f1   Thumb Code     0  entry5.o(.ARM.Collect$$$$00000004)
    __main_after_scatterload                 0x080000f5   Thumb Code     0  entry5.o(.ARM.Collect$$$$00000004)
    _main_clock                              0x080000f5   Thumb Code     0  entry7b.o(.ARM.Collect$$$$00000008)
    _main_cpp_init                           0x080000f5   Thumb Code     0  entry8b.o(.ARM.Collect$$$$0000000A)
    _main_init                               0x080000f5   Thumb Code     0  entry9a.o(.ARM.Collect$$$$0000000B)
    __rt_final_cpp                           0x080000fd   Thumb Code     0  entry10a.o(.ARM.Collect$$$$0000000D)
    __rt_final_exit                          0x080000fd   Thumb Code     0  entry11a.o(.ARM.Collect$$$$0000000F)
    Reset_Handler                            0x08000101   Thumb Code     8  startup_stm32f10x_md.o(.text)
    ADC1_2_IRQHandler                        0x0800011b   Thumb Code     0  startup_stm32f10x_md.o(.text)
    CAN1_RX1_IRQHandler                      0x0800011b   Thumb Code     0  startup_stm32f10x_md.o(.text)
    CAN1_SCE_IRQHandler                      0x0800011b   Thumb Code     0  startup_stm32f10x_md.o(.text)
    DMA1_Channel1_IRQHandler                 0x0800011b   Thumb Code     0  startup_stm32f10x_md.o(.text)
    DMA1_Channel2_IRQHandler                 0x0800011b   Thumb Code     0  startup_stm32f10x_md.o(.text)
    DMA1_Channel3_IRQHandler                 0x0800011b   Thumb Code     0  startup_stm32f10x_md.o(.text)
    DMA1_Channel4_IRQHandler                 0x0800011b   Thumb Code     0  startup_stm32f10x_md.o(.text)
    DMA1_Channel5_IRQHandler                 0x0800011b   Thumb Code     0  startup_stm32f10x_md.o(.text)
    DMA1_Channel6_IRQHandler                 0x0800011b   Thumb Code     0  startup_stm32f10x_md.o(.text)
    DMA1_Channel7_IRQHandler                 0x0800011b   Thumb Code     0  startup_stm32f10x_md.o(.text)
    EXTI0_IRQHandler                         0x0800011b   Thumb Code     0  startup_stm32f10x_md.o(.text)
    EXTI15_10_IRQHandler                     0x0800011b   Thumb Code     0  startup_stm32f10x_md.o(.text)
    EXTI1_IRQHandler                         0x0800011b   Thumb Code     0  startup_stm32f10x_md.o(.text)
    EXTI2_IRQHandler                         0x0800011b   Thumb Code     0  startup_stm32f10x_md.o(.text)
    EXTI3_IRQHandler                         0x0800011b   Thumb Code     0  startup_stm32f10x_md.o(.text)
    EXTI4_IRQHandler                         0x0800011b   Thumb Code     0  startup_stm32f10x_md.o(.text)
    EXTI9_5_IRQHandler                       0x0800011b   Thumb Code     0  startup_stm32f10x_md.o(.text)
    FLASH_IRQHandler                         0x0800011b   Thumb Code     0  startup_stm32f10x_md.o(.text)
    I2C1_ER_IRQHandler                       0x0800011b   Thumb Code     0  startup_stm32f10x_md.o(.text)
    I2C1_EV_IRQHandler                       0x0800011b   Thumb Code     0  startup_stm32f10x_md.o(.text)
    I2C2_ER_IRQHandler                       0x0800011b   Thumb Code     0  startup_stm32f10x_md.o(.text)
    I2C2_EV_IRQHandler                       0x0800011b   Thumb Code     0  startup_stm32f10x_md.o(.text)
    PVD_IRQHandler                           0x0800011b   Thumb Code     0  startup_stm32f10x_md.o(.text)
    RCC_IRQHandler                           0x0800011b   Thumb Code     0  startup_stm32f10x_md.o(.text)
    RTCAlarm_IRQHandler                      0x0800011b   Thumb Code     0  startup_stm32f10x_md.o(.text)
    RTC_IRQHandler                           0x0800011b   Thumb Code     0  startup_stm32f10x_md.o(.text)
    SPI1_IRQHandler                          0x0800011b   Thumb Code     0  startup_stm32f10x_md.o(.text)
    SPI2_IRQHandler                          0x0800011b   Thumb Code     0  startup_stm32f10x_md.o(.text)
    TAMPER_IRQHandler                        0x0800011b   Thumb Code     0  startup_stm32f10x_md.o(.text)
    TIM1_BRK_IRQHandler                      0x0800011b   Thumb Code     0  startup_stm32f10x_md.o(.text)
    TIM1_CC_IRQHandler                       0x0800011b   Thumb Code     0  startup_stm32f10x_md.o(.text)
    TIM1_TRG_COM_IRQHandler                  0x0800011b   Thumb Code     0  startup_stm32f10x_md.o(.text)
    TIM1_UP_IRQHandler                       0x0800011b   Thumb Code     0  startup_stm32f10x_md.o(.text)
    TIM2_IRQHandler                          0x0800011b   Thumb Code     0  startup_stm32f10x_md.o(.text)
    TIM3_IRQHandler                          0x0800011b   Thumb Code     0  startup_stm32f10x_md.o(.text)
    TIM4_IRQHandler                          0x0800011b   Thumb Code     0  startup_stm32f10x_md.o(.text)
    USBWakeUp_IRQHandler                     0x0800011b   Thumb Code     0  startup_stm32f10x_md.o(.text)
    USB_HP_CAN1_TX_IRQHandler                0x0800011b   Thumb Code     0  startup_stm32f10x_md.o(.text)
    USB_LP_CAN1_RX0_IRQHandler               0x0800011b   Thumb Code     0  startup_stm32f10x_md.o(.text)
    WWDG_IRQHandler                          0x0800011b   Thumb Code     0  startup_stm32f10x_md.o(.text)
    __aeabi_memcpy                           0x08000125   Thumb Code    36  memcpya.o(.text)
    __aeabi_memcpy4                          0x08000125   Thumb Code     0  memcpya.o(.text)
    __aeabi_memcpy8                          0x08000125   Thumb Code     0  memcpya.o(.text)
    __aeabi_memset                           0x08000149   Thumb Code    14  memseta.o(.text)
    __aeabi_memset4                          0x08000149   Thumb Code     0  memseta.o(.text)
    __aeabi_memset8                          0x08000149   Thumb Code     0  memseta.o(.text)
    __aeabi_memclr                           0x08000157   Thumb Code     4  memseta.o(.text)
    __aeabi_memclr4                          0x08000157   Thumb Code     0  memseta.o(.text)
    __aeabi_memclr8                          0x08000157   Thumb Code     0  memseta.o(.text)
    _memset$wrapper                          0x0800015b   Thumb Code    18  memseta.o(.text)
    strstr                                   0x0800016d   Thumb Code    36  strstr.o(.text)
    strlen                                   0x08000191   Thumb Code    14  strlen.o(.text)
    __aeabi_ddiv                             0x0800019f   Thumb Code   222  ddiv.o(.text)
    __aeabi_i2d                              0x0800027d   Thumb Code    34  dflti.o(.text)
    __aeabi_ui2d                             0x0800029f   Thumb Code    26  dfltui.o(.text)
    __aeabi_f2d                              0x080002b9   Thumb Code    38  f2d.o(.text)
    __aeabi_d2f                              0x080002df   Thumb Code    56  d2f.o(.text)
    __aeabi_uidiv                            0x08000317   Thumb Code     0  uidiv.o(.text)
    __aeabi_uidivmod                         0x08000317   Thumb Code    44  uidiv.o(.text)
    __aeabi_uldivmod                         0x08000343   Thumb Code    98  uldiv.o(.text)
    __I$use$fp                               0x080003a5   Thumb Code     0  iusefp.o(.text)
    _float_round                             0x080003a5   Thumb Code    18  fepilogue.o(.text)
    _float_epilogue                          0x080003b7   Thumb Code    92  fepilogue.o(.text)
    _double_round                            0x08000413   Thumb Code    30  depilogue.o(.text)
    _double_epilogue                         0x08000431   Thumb Code   156  depilogue.o(.text)
    __aeabi_dadd                             0x080004cd   Thumb Code   322  dadd.o(.text)
    __aeabi_dsub                             0x0800060f   Thumb Code     6  dadd.o(.text)
    __aeabi_drsub                            0x08000615   Thumb Code     6  dadd.o(.text)
    __aeabi_dmul                             0x0800061b   Thumb Code   228  dmul.o(.text)
    __aeabi_d2ulz                            0x080006ff   Thumb Code    48  dfixul.o(.text)
    __aeabi_cdrcmple                         0x08000731   Thumb Code    48  cdrcmple.o(.text)
    __scatterload                            0x08000761   Thumb Code    28  init.o(.text)
    __scatterload_rt2                        0x08000761   Thumb Code     0  init.o(.text)
    __aeabi_llsl                             0x08000785   Thumb Code    30  llshl.o(.text)
    _ll_shift_l                              0x08000785   Thumb Code     0  llshl.o(.text)
    __aeabi_llsr                             0x080007a3   Thumb Code    32  llushr.o(.text)
    _ll_ushift_r                             0x080007a3   Thumb Code     0  llushr.o(.text)
    __aeabi_lasr                             0x080007c3   Thumb Code    36  llsshr.o(.text)
    _ll_sshift_r                             0x080007c3   Thumb Code     0  llsshr.o(.text)
    BH1750_RecvACK                           0x080007e9   Thumb Code    96  bh1750.o(i.BH1750_RecvACK)
    BH1750_RecvByte                          0x08000851   Thumb Code   116  bh1750.o(i.BH1750_RecvByte)
    BH1750_SendACK                           0x080008c9   Thumb Code    86  bh1750.o(i.BH1750_SendACK)
    BH1750_SendByte                          0x08000925   Thumb Code    74  bh1750.o(i.BH1750_SendByte)
    BH1750_Start                             0x08000975   Thumb Code    44  bh1750.o(i.BH1750_Start)
    BH1750_Stop                              0x080009a5   Thumb Code    36  bh1750.o(i.BH1750_Stop)
    BusFault_Handler                         0x080009cd   Thumb Code     4  code.o(i.BusFault_Handler)
    CLR_Buf                                  0x080009d1   Thumb Code    18  gps.o(i.CLR_Buf)
    DHT11_Check                              0x080009ed   Thumb Code   100  dht11.o(i.DHT11_Check)
    DHT11_Read_Bit                           0x08000a5d   Thumb Code    70  dht11.o(i.DHT11_Read_Bit)
    DHT11_Read_Byte                          0x08000aa9   Thumb Code    30  dht11.o(i.DHT11_Read_Byte)
    DHT11_Read_Data                          0x08000ac7   Thumb Code    88  dht11.o(i.DHT11_Read_Data)
    DHT11_Rst                                0x08000b21   Thumb Code    52  dht11.o(i.DHT11_Rst)
    DebugMon_Handler                         0x08000b61   Thumb Code     2  code.o(i.DebugMon_Handler)
    Delay_5us                                0x08000b63   Thumb Code    32  bh1750.o(i.Delay_5us)
    Delay_mms                                0x08000b83   Thumb Code    32  bh1750.o(i.Delay_mms)
    GPIOConfig                               0x08000ba5   Thumb Code    38  bh1750.o(i.GPIOConfig)
    GPIO_Configuration                       0x08000bd1   Thumb Code   106  code.o(i.GPIO_Configuration)
    GPIO_Configuration_sds011                0x08000c49   Thumb Code    38  sds011.o(i.GPIO_Configuration_sds011)
    GPIO_Init                                0x08000c75   Thumb Code   278  stm32f10x_gpio.o(i.GPIO_Init)
    GPIO_ReadInputDataBit                    0x08000d8b   Thumb Code    18  stm32f10x_gpio.o(i.GPIO_ReadInputDataBit)
    GPIO_ResetBits                           0x08000d9d   Thumb Code     4  stm32f10x_gpio.o(i.GPIO_ResetBits)
    GPIO_SetBits                             0x08000da1   Thumb Code     4  stm32f10x_gpio.o(i.GPIO_SetBits)
    GPIO_StructInit                          0x08000da5   Thumb Code    16  stm32f10x_gpio.o(i.GPIO_StructInit)
    Get_gy30                                 0x08000db5   Thumb Code    80  bh1750.o(i.Get_gy30)
    HardFault_Handler                        0x08000e11   Thumb Code     4  code.o(i.HardFault_Handler)
    Init_BH1750                              0x08000e15   Thumb Code    10  bh1750.o(i.Init_BH1750)
    MemManage_Handler                        0x08000e1f   Thumb Code     4  code.o(i.MemManage_Handler)
    NMI_Handler                              0x08000e23   Thumb Code     2  code.o(i.NMI_Handler)
    NVIC_Configuration                       0x08000e25   Thumb Code    12  gps.o(i.NVIC_Configuration)
    NVIC_Configuration_sds011                0x08000e31   Thumb Code    40  sds011.o(i.NVIC_Configuration_sds011)
    NVIC_Init                                0x08000e59   Thumb Code   100  code.o(i.NVIC_Init)
    NVIC_PriorityGroupConfig                 0x08000ec9   Thumb Code    10  code.o(i.NVIC_PriorityGroupConfig)
    PendSV_Handler                           0x08000edd   Thumb Code     2  code.o(i.PendSV_Handler)
    RCC_APB1PeriphClockCmd                   0x08000ee1   Thumb Code    26  stm32f10x_rcc.o(i.RCC_APB1PeriphClockCmd)
    RCC_APB2PeriphClockCmd                   0x08000f01   Thumb Code    26  stm32f10x_rcc.o(i.RCC_APB2PeriphClockCmd)
    RCC_Configuration                        0x08000f21   Thumb Code    48  code.o(i.RCC_Configuration)
    RCC_Configuration_sds011                 0x08000f51   Thumb Code    32  sds011.o(i.RCC_Configuration_sds011)
    RCC_GetClocksFreq                        0x08000f71   Thumb Code   192  stm32f10x_rcc.o(i.RCC_GetClocksFreq)
    SVC_Handler                              0x08001045   Thumb Code     2  code.o(i.SVC_Handler)
    Single_Write_BH1750                      0x08001131   Thumb Code    26  bh1750.o(i.Single_Write_BH1750)
    SysTick_CLKSourceConfig                  0x0800114b   Thumb Code    40  code.o(i.SysTick_CLKSourceConfig)
    SysTick_Handler                          0x08001173   Thumb Code     2  code.o(i.SysTick_Handler)
    SystemInit                               0x08001175   Thumb Code    78  system_stm32f10x.o(i.SystemInit)
    USART1_IRQHandler                        0x080011d5   Thumb Code   134  gps.o(i.USART1_IRQHandler)
    USART2_Configuration                     0x0800126d   Thumb Code   184  nb.o(i.USART2_Configuration)
    USART2_IRQHandler                        0x0800132d   Thumb Code    84  code.o(i.USART2_IRQHandler)
    USART3_IRQHandler                        0x08001391   Thumb Code   172  sds011.o(i.USART3_IRQHandler)
    USART_Cmd                                0x08001465   Thumb Code    24  stm32f10x_usart.o(i.USART_Cmd)
    USART_Configuration_sds011               0x0800147d   Thumb Code    64  sds011.o(i.USART_Configuration_sds011)
    USART_GetFlagStatus                      0x080014c1   Thumb Code    26  stm32f10x_usart.o(i.USART_GetFlagStatus)
    USART_GetITStatus                        0x080014db   Thumb Code    84  stm32f10x_usart.o(i.USART_GetITStatus)
    USART_ITConfig                           0x0800152f   Thumb Code    74  stm32f10x_usart.o(i.USART_ITConfig)
    USART_Init                               0x08001579   Thumb Code   210  stm32f10x_usart.o(i.USART_Init)
    USART_ReceiveData                        0x08001651   Thumb Code    10  stm32f10x_usart.o(i.USART_ReceiveData)
    USART_SendData                           0x0800165b   Thumb Code     8  stm32f10x_usart.o(i.USART_SendData)
    UsageFault_Handler                       0x08001663   Thumb Code     4  code.o(i.UsageFault_Handler)
    __0printf                                0x08001669   Thumb Code    22  printfa.o(i.__0printf)
    __1printf                                0x08001669   Thumb Code     0  printfa.o(i.__0printf)
    __2printf                                0x08001669   Thumb Code     0  printfa.o(i.__0printf)
    __c89printf                              0x08001669   Thumb Code     0  printfa.o(i.__0printf)
    printf                                   0x08001669   Thumb Code     0  printfa.o(i.__0printf)
    __0sprintf                               0x08001689   Thumb Code    34  printfa.o(i.__0sprintf)
    __1sprintf                               0x08001689   Thumb Code     0  printfa.o(i.__0sprintf)
    __2sprintf                               0x08001689   Thumb Code     0  printfa.o(i.__0sprintf)
    __c89sprintf                             0x08001689   Thumb Code     0  printfa.o(i.__0sprintf)
    sprintf                                  0x08001689   Thumb Code     0  printfa.o(i.__0sprintf)
    __scatterload_copy                       0x080016b1   Thumb Code    14  handlers.o(i.__scatterload_copy)
    __scatterload_null                       0x080016bf   Thumb Code     2  handlers.o(i.__scatterload_null)
    __scatterload_zeroinit                   0x080016c1   Thumb Code    14  handlers.o(i.__scatterload_zeroinit)
    char2ascii                               0x08001f6d   Thumb Code    48  code.o(i.char2ascii)
    clrStruct                                0x08001fa1   Thumb Code    82  gps.o(i.clrStruct)
    delay_init                               0x08001ff9   Thumb Code    50  delay.o(i.delay_init)
    delay_ms                                 0x0800203d   Thumb Code    72  delay.o(i.delay_ms)
    delay_us                                 0x08002089   Thumb Code    72  delay.o(i.delay_us)
    fputc                                    0x080020d5   Thumb Code    58  nb.o(i.fputc)
    gps_init                                 0x08002115   Thumb Code    20  gps.o(i.gps_init)
    main                                     0x08002129   Thumb Code   522  code.o(i.main)
    mread                                    0x080023f9   Thumb Code    62  bh1750.o(i.mread)
    parseGpsBuffer                           0x0800243d   Thumb Code   236  gps.o(i.parseGpsBuffer)
    sds011_USART_Init                        0x08002531   Thumb Code    20  sds011.o(i.sds011_USART_Init)
    uart_init                                0x08002545   Thumb Code   156  gps.o(i.uart_init)
    Region$$Table$$Base                      0x080025e8   Number         0  anon$$obj.o(Region$$Table)
    Region$$Table$$Limit                     0x08002608   Number         0  anon$$obj.o(Region$$Table)
    flag_n                                   0x20000000   Data           4  code.o(.data)
    test                                     0x20000004   Data           1  code.o(.data)
    Tx_Flag                                  0x20000005   Data           1  code.o(.data)
    Rx_Flag                                  0x20000006   Data           1  code.o(.data)
    flag_a                                   0x20000007   Data           1  code.o(.data)
    flag_w                                   0x20000008   Data           1  code.o(.data)
    flag_r                                   0x20000009   Data           1  code.o(.data)
    aro                                      0x2000000c   Data           4  code.o(.data)
    weather1                                 0x20000010   Data          10  code.o(.data)
    weather2                                 0x2000001a   Data          10  code.o(.data)
    flag_g                                   0x20000024   Data           4  code.o(.data)
    temperature                              0x20000028   Data           1  code.o(.data)
    humidity                                 0x20000029   Data           1  code.o(.data)
    point_1                                  0x2000002a   Data           2  code.o(.data)
    len_nb                                   0x2000002c   Data           4  code.o(.data)
    delay_i                                  0x20000030   Data           4  code.o(.data)
    id                                       0x20000034   Data           4  code.o(.data)
    BUF                                      0x2000003c   Data           8  bh1750.o(.data)
    dis_data                                 0x20000044   Data           4  bh1750.o(.data)
    mcy                                      0x20000048   Data           4  bh1750.o(.data)
    j                                        0x2000004c   Data           4  sds011.o(.data)
    res                                      0x20000050   Data           1  sds011.o(.data)
    pm25_low                                 0x20000051   Data           1  sds011.o(.data)
    pm25_high                                0x20000052   Data           1  sds011.o(.data)
    pm10_low                                 0x20000053   Data           1  sds011.o(.data)
    pm10_high                                0x20000054   Data           1  sds011.o(.data)
    pm25                                     0x20000056   Data           2  sds011.o(.data)
    pm10                                     0x20000058   Data           2  sds011.o(.data)
    flag                                     0x2000005c   Data           4  sds011.o(.data)
    rxdatabufer                              0x20000060   Data           1  gps.o(.data)
    point1                                   0x20000062   Data           2  gps.o(.data)
    USART_RX_STA                             0x20000064   Data           2  gps.o(.data)
    SystemCoreClock                          0x2000007c   Data           4  system_stm32f10x.o(.data)
    AHBPrescTable                            0x20000080   Data          16  system_stm32f10x.o(.data)
    __stdout                                 0x20000090   Data           4  stdout.o(.data)
    transfer_stringWifi                      0x20000094   Data         120  code.o(.bss)
    buf                                      0x2000010c   Data         256  code.o(.bss)
    Save_Data                                0x2000020c   Data         132  gps.o(.bss)
    USART_RX_BUF                             0x20000290   Data         200  gps.o(.bss)
    __initial_sp                             0x20000758   Data           0  startup_stm32f10x_md.o(STACK)



==============================================================================

Memory Map of the image

  Image Entry point : 0x080000ed

  Load Region LR_IROM1 (Base: 0x08000000, Size: 0x0000269c, Max: 0x00010000, ABSOLUTE)

    Execution Region ER_IROM1 (Base: 0x08000000, Size: 0x00002608, Max: 0x00010000, ABSOLUTE)

    Base Addr    Size         Type   Attr      Idx    E Section Name        Object

    0x08000000   0x000000ec   Data   RO         2178    RESET               startup_stm32f10x_md.o
    0x080000ec   0x00000000   Code   RO         2217  * .ARM.Collect$$$$00000000  mc_w.l(entry.o)
    0x080000ec   0x00000004   Code   RO         2501    .ARM.Collect$$$$00000001  mc_w.l(entry2.o)
    0x080000f0   0x00000004   Code   RO         2504    .ARM.Collect$$$$00000004  mc_w.l(entry5.o)
    0x080000f4   0x00000000   Code   RO         2506    .ARM.Collect$$$$00000008  mc_w.l(entry7b.o)
    0x080000f4   0x00000000   Code   RO         2508    .ARM.Collect$$$$0000000A  mc_w.l(entry8b.o)
    0x080000f4   0x00000008   Code   RO         2509    .ARM.Collect$$$$0000000B  mc_w.l(entry9a.o)
    0x080000fc   0x00000000   Code   RO         2511    .ARM.Collect$$$$0000000D  mc_w.l(entry10a.o)
    0x080000fc   0x00000000   Code   RO         2513    .ARM.Collect$$$$0000000F  mc_w.l(entry11a.o)
    0x080000fc   0x00000004   Code   RO         2502    .ARM.Collect$$$$00002712  mc_w.l(entry2.o)
    0x08000100   0x00000024   Code   RO         2179    .text               startup_stm32f10x_md.o
    0x08000124   0x00000024   Code   RO         2220    .text               mc_w.l(memcpya.o)
    0x08000148   0x00000024   Code   RO         2222    .text               mc_w.l(memseta.o)
    0x0800016c   0x00000024   Code   RO         2224    .text               mc_w.l(strstr.o)
    0x08000190   0x0000000e   Code   RO         2226    .text               mc_w.l(strlen.o)
    0x0800019e   0x000000de   Code   RO         2491    .text               mf_w.l(ddiv.o)
    0x0800027c   0x00000022   Code   RO         2493    .text               mf_w.l(dflti.o)
    0x0800029e   0x0000001a   Code   RO         2495    .text               mf_w.l(dfltui.o)
    0x080002b8   0x00000026   Code   RO         2497    .text               mf_w.l(f2d.o)
    0x080002de   0x00000038   Code   RO         2499    .text               mf_w.l(d2f.o)
    0x08000316   0x0000002c   Code   RO         2516    .text               mc_w.l(uidiv.o)
    0x08000342   0x00000062   Code   RO         2518    .text               mc_w.l(uldiv.o)
    0x080003a4   0x00000000   Code   RO         2520    .text               mc_w.l(iusefp.o)
    0x080003a4   0x0000006e   Code   RO         2521    .text               mf_w.l(fepilogue.o)
    0x08000412   0x000000ba   Code   RO         2523    .text               mf_w.l(depilogue.o)
    0x080004cc   0x0000014e   Code   RO         2525    .text               mf_w.l(dadd.o)
    0x0800061a   0x000000e4   Code   RO         2527    .text               mf_w.l(dmul.o)
    0x080006fe   0x00000030   Code   RO         2529    .text               mf_w.l(dfixul.o)
    0x0800072e   0x00000002   PAD
    0x08000730   0x00000030   Code   RO         2531    .text               mf_w.l(cdrcmple.o)
    0x08000760   0x00000024   Code   RO         2533    .text               mc_w.l(init.o)
    0x08000784   0x0000001e   Code   RO         2535    .text               mc_w.l(llshl.o)
    0x080007a2   0x00000020   Code   RO         2537    .text               mc_w.l(llushr.o)
    0x080007c2   0x00000024   Code   RO         2539    .text               mc_w.l(llsshr.o)
    0x080007e6   0x00000002   PAD
    0x080007e8   0x00000068   Code   RO          307    i.BH1750_RecvACK    bh1750.o
    0x08000850   0x00000078   Code   RO          308    i.BH1750_RecvByte   bh1750.o
    0x080008c8   0x0000005c   Code   RO          309    i.BH1750_SendACK    bh1750.o
    0x08000924   0x00000050   Code   RO          310    i.BH1750_SendByte   bh1750.o
    0x08000974   0x00000030   Code   RO          311    i.BH1750_Start      bh1750.o
    0x080009a4   0x00000028   Code   RO          312    i.BH1750_Stop       bh1750.o
    0x080009cc   0x00000004   Code   RO            1    i.BusFault_Handler  code.o
    0x080009d0   0x0000001c   Code   RO          445    i.CLR_Buf           gps.o
    0x080009ec   0x00000070   Code   RO          262    i.DHT11_Check       dht11.o
    0x08000a5c   0x0000004c   Code   RO          264    i.DHT11_Read_Bit    dht11.o
    0x08000aa8   0x0000001e   Code   RO          265    i.DHT11_Read_Byte   dht11.o
    0x08000ac6   0x00000058   Code   RO          266    i.DHT11_Read_Data   dht11.o
    0x08000b1e   0x00000002   PAD
    0x08000b20   0x00000040   Code   RO          267    i.DHT11_Rst         dht11.o
    0x08000b60   0x00000002   Code   RO            2    i.DebugMon_Handler  code.o
    0x08000b62   0x00000020   Code   RO          313    i.Delay_5us         bh1750.o
    0x08000b82   0x00000020   Code   RO          314    i.Delay_mms         bh1750.o
    0x08000ba2   0x00000002   PAD
    0x08000ba4   0x0000002c   Code   RO          315    i.GPIOConfig        bh1750.o
    0x08000bd0   0x00000078   Code   RO            3    i.GPIO_Configuration  code.o
    0x08000c48   0x0000002c   Code   RO          397    i.GPIO_Configuration_sds011  sds011.o
    0x08000c74   0x00000116   Code   RO          936    i.GPIO_Init         stm32f10x_gpio.o
    0x08000d8a   0x00000012   Code   RO          940    i.GPIO_ReadInputDataBit  stm32f10x_gpio.o
    0x08000d9c   0x00000004   Code   RO          943    i.GPIO_ResetBits    stm32f10x_gpio.o
    0x08000da0   0x00000004   Code   RO          944    i.GPIO_SetBits      stm32f10x_gpio.o
    0x08000da4   0x00000010   Code   RO          945    i.GPIO_StructInit   stm32f10x_gpio.o
    0x08000db4   0x0000005c   Code   RO          316    i.Get_gy30          bh1750.o
    0x08000e10   0x00000004   Code   RO            4    i.HardFault_Handler  code.o
    0x08000e14   0x0000000a   Code   RO          317    i.Init_BH1750       bh1750.o
    0x08000e1e   0x00000004   Code   RO            5    i.MemManage_Handler  code.o
    0x08000e22   0x00000002   Code   RO            6    i.NMI_Handler       code.o
    0x08000e24   0x0000000c   Code   RO          447    i.NVIC_Configuration  gps.o
    0x08000e30   0x00000028   Code   RO          398    i.NVIC_Configuration_sds011  sds011.o
    0x08000e58   0x00000070   Code   RO            7    i.NVIC_Init         code.o
    0x08000ec8   0x00000014   Code   RO            8    i.NVIC_PriorityGroupConfig  code.o
    0x08000edc   0x00000002   Code   RO           11    i.PendSV_Handler    code.o
    0x08000ede   0x00000002   PAD
    0x08000ee0   0x00000020   Code   RO         1250    i.RCC_APB1PeriphClockCmd  stm32f10x_rcc.o
    0x08000f00   0x00000020   Code   RO         1252    i.RCC_APB2PeriphClockCmd  stm32f10x_rcc.o
    0x08000f20   0x00000030   Code   RO           12    i.RCC_Configuration  code.o
    0x08000f50   0x00000020   Code   RO          399    i.RCC_Configuration_sds011  sds011.o
    0x08000f70   0x000000d4   Code   RO         1260    i.RCC_GetClocksFreq  stm32f10x_rcc.o
    0x08001044   0x00000002   Code   RO           13    i.SVC_Handler       code.o
    0x08001046   0x00000008   Code   RO         2183    i.SetSysClock       system_stm32f10x.o
    0x0800104e   0x00000002   PAD
    0x08001050   0x000000e0   Code   RO         2184    i.SetSysClockTo72   system_stm32f10x.o
    0x08001130   0x0000001a   Code   RO          318    i.Single_Write_BH1750  bh1750.o
    0x0800114a   0x00000028   Code   RO           14    i.SysTick_CLKSourceConfig  code.o
    0x08001172   0x00000002   Code   RO           15    i.SysTick_Handler   code.o
    0x08001174   0x00000060   Code   RO         2186    i.SystemInit        system_stm32f10x.o
    0x080011d4   0x00000098   Code   RO          448    i.USART1_IRQHandler  gps.o
    0x0800126c   0x000000c0   Code   RO          506    i.USART2_Configuration  nb.o
    0x0800132c   0x00000064   Code   RO           16    i.USART2_IRQHandler  code.o
    0x08001390   0x000000d4   Code   RO          400    i.USART3_IRQHandler  sds011.o
    0x08001464   0x00000018   Code   RO         2000    i.USART_Cmd         stm32f10x_usart.o
    0x0800147c   0x00000044   Code   RO          401    i.USART_Configuration_sds011  sds011.o
    0x080014c0   0x0000001a   Code   RO         2003    i.USART_GetFlagStatus  stm32f10x_usart.o
    0x080014da   0x00000054   Code   RO         2004    i.USART_GetITStatus  stm32f10x_usart.o
    0x0800152e   0x0000004a   Code   RO         2006    i.USART_ITConfig    stm32f10x_usart.o
    0x08001578   0x000000d8   Code   RO         2007    i.USART_Init        stm32f10x_usart.o
    0x08001650   0x0000000a   Code   RO         2014    i.USART_ReceiveData  stm32f10x_usart.o
    0x0800165a   0x00000008   Code   RO         2017    i.USART_SendData    stm32f10x_usart.o
    0x08001662   0x00000004   Code   RO           17    i.UsageFault_Handler  code.o
    0x08001666   0x00000002   PAD
    0x08001668   0x00000020   Code   RO         2463    i.__0printf         mc_w.l(printfa.o)
    0x08001688   0x00000028   Code   RO         2465    i.__0sprintf        mc_w.l(printfa.o)
    0x080016b0   0x0000000e   Code   RO         2543    i.__scatterload_copy  mc_w.l(handlers.o)
    0x080016be   0x00000002   Code   RO         2544    i.__scatterload_null  mc_w.l(handlers.o)
    0x080016c0   0x0000000e   Code   RO         2545    i.__scatterload_zeroinit  mc_w.l(handlers.o)
    0x080016ce   0x00000002   PAD
    0x080016d0   0x00000164   Code   RO         2470    i._fp_digits        mc_w.l(printfa.o)
    0x08001834   0x000006dc   Code   RO         2471    i._printf_core      mc_w.l(printfa.o)
    0x08001f10   0x00000024   Code   RO         2472    i._printf_post_padding  mc_w.l(printfa.o)
    0x08001f34   0x0000002e   Code   RO         2473    i._printf_pre_padding  mc_w.l(printfa.o)
    0x08001f62   0x0000000a   Code   RO         2475    i._sputc            mc_w.l(printfa.o)
    0x08001f6c   0x00000034   Code   RO           18    i.char2ascii        code.o
    0x08001fa0   0x00000058   Code   RO          449    i.clrStruct         gps.o
    0x08001ff8   0x00000044   Code   RO          224    i.delay_init        delay.o
    0x0800203c   0x0000004c   Code   RO          225    i.delay_ms          delay.o
    0x08002088   0x0000004c   Code   RO          226    i.delay_us          delay.o
    0x080020d4   0x00000040   Code   RO          507    i.fputc             nb.o
    0x08002114   0x00000014   Code   RO          450    i.gps_init          gps.o
    0x08002128   0x000002d0   Code   RO           19    i.main              code.o
    0x080023f8   0x00000044   Code   RO          319    i.mread             bh1750.o
    0x0800243c   0x000000f4   Code   RO          451    i.parseGpsBuffer    gps.o
    0x08002530   0x00000014   Code   RO          402    i.sds011_USART_Init  sds011.o
    0x08002544   0x000000a4   Code   RO          452    i.uart_init         gps.o
    0x080025e8   0x00000020   Data   RO         2541    Region$$Table       anon$$obj.o


    Execution Region RW_IRAM1 (Base: 0x20000000, Size: 0x00000758, Max: 0x00005000, ABSOLUTE)

    Base Addr    Size         Type   Attr      Idx    E Section Name        Object

    0x20000000   0x00000038   Data   RW           21    .data               code.o
    0x20000038   0x00000004   Data   RW          227    .data               delay.o
    0x2000003c   0x00000010   Data   RW          320    .data               bh1750.o
    0x2000004c   0x00000014   Data   RW          403    .data               sds011.o
    0x20000060   0x00000006   Data   RW          454    .data               gps.o
    0x20000066   0x00000014   Data   RW         1280    .data               stm32f10x_rcc.o
    0x2000007a   0x00000002   PAD
    0x2000007c   0x00000014   Data   RW         2187    .data               system_stm32f10x.o
    0x20000090   0x00000004   Data   RW         2515    .data               mc_w.l(stdout.o)
    0x20000094   0x00000178   Zero   RW           20    .bss                code.o
    0x2000020c   0x0000014c   Zero   RW          453    .bss                gps.o
    0x20000358   0x00000400   Zero   RW         2176    STACK               startup_stm32f10x_md.o


==============================================================================

Image component sizes


      Code (inc. data)   RO Data    RW Data    ZI Data      Debug   Object Name

       788         56          0         16          0       6926   bh1750.o
      1238        254          0         56        376     240497   code.o
         0          0          0          0          0         32   core_cm3.o
       220         26          0          4          0       1547   delay.o
       370         30          0          0          0       3031   dht11.o
       708         60          0          6        332       5040   gps.o
       256         14          0          0          0       2395   nb.o
       416         50          0         20          0       3357   sds011.o
        36          8        236          0       1024        804   startup_stm32f10x_md.o
       320          0          0          0          0       4310   stm32f10x_gpio.o
       276         32          0         20          0       4522   stm32f10x_rcc.o
       442          6          0          0          0       6317   stm32f10x_usart.o
       328         28          0         20          0       2213   system_stm32f10x.o

    ----------------------------------------------------------------------
      5408        564        268        144       1732     280991   Object Totals
         0          0         32          0          0          0   (incl. Generated)
        10          0          0          2          0          0   (incl. Padding)

    ----------------------------------------------------------------------

      Code (inc. data)   RO Data    RW Data    ZI Data      Debug   Library Member Name

         0          0          0          0          0          0   entry.o
         0          0          0          0          0          0   entry10a.o
         0          0          0          0          0          0   entry11a.o
         8          4          0          0          0          0   entry2.o
         4          0          0          0          0          0   entry5.o
         0          0          0          0          0          0   entry7b.o
         0          0          0          0          0          0   entry8b.o
         8          4          0          0          0          0   entry9a.o
        30          0          0          0          0          0   handlers.o
        36          8          0          0          0         68   init.o
         0          0          0          0          0          0   iusefp.o
        30          0          0          0          0         68   llshl.o
        36          0          0          0          0         68   llsshr.o
        32          0          0          0          0         68   llushr.o
        36          0          0          0          0         68   memcpya.o
        36          0          0          0          0        108   memseta.o
      2276         96          0          0          0        596   printfa.o
         0          0          0          4          0          0   stdout.o
        14          0          0          0          0         68   strlen.o
        36          0          0          0          0         80   strstr.o
        44          0          0          0          0         80   uidiv.o
        98          0          0          0          0         92   uldiv.o
        48          0          0          0          0         68   cdrcmple.o
        56          0          0          0          0         88   d2f.o
       334          0          0          0          0        148   dadd.o
       222          0          0          0          0        100   ddiv.o
       186          0          0          0          0        176   depilogue.o
        48          0          0          0          0         68   dfixul.o
        34          0          0          0          0         76   dflti.o
        26          0          0          0          0         76   dfltui.o
       228          0          0          0          0         96   dmul.o
        38          0          0          0          0         68   f2d.o
       110          0          0          0          0        168   fepilogue.o

    ----------------------------------------------------------------------
      4060        112          0          4          0       2496   Library Totals
         6          0          0          0          0          0   (incl. Padding)

    ----------------------------------------------------------------------

      Code (inc. data)   RO Data    RW Data    ZI Data      Debug   Library Name

      2724        112          0          4          0       1364   mc_w.l
      1330          0          0          0          0       1132   mf_w.l

    ----------------------------------------------------------------------
      4060        112          0          4          0       2496   Library Totals

    ----------------------------------------------------------------------

==============================================================================


      Code (inc. data)   RO Data    RW Data    ZI Data      Debug   

      9468        676        268        148       1732     278803   Grand Totals
      9468        676        268        148       1732     278803   ELF Image Totals
      9468        676        268        148          0          0   ROM Totals

==============================================================================

    Total RO  Size (Code + RO Data)                 9736 (   9.51kB)
    Total RW  Size (RW Data + ZI Data)              1880 (   1.84kB)
    Total ROM Size (Code + RO Data + RW Data)       9884 (   9.65kB)

==============================================================================

